untimed-warmup 0 research hull42-rejected qr True 0.002032499
untimed-warmup 0 research hull42-rejected baseline True 0.004424832
untimed-warmup 0 research hull7301-rejected baseline True 5.910213224
untimed-warmup 0 research hull7301-rejected qr True 3.637539518
untimed-warmup 0 research hull7301-later-rejected qr True 17.759886841
untimed-warmup 0 research hull7301-later-rejected baseline True 57.941755242
untimed-warmup 0 research hull42-second-rejected qr True 0.126975693
untimed-warmup 0 research hull42-second-rejected baseline True 0.298620974
untimed-warmup 0 rejections reference_1 qr True 0.003190022
untimed-warmup 0 rejections reference_1 baseline True 0.003563583
untimed-warmup 0 rejections reference_0 baseline True 0.058987241
untimed-warmup 0 rejections reference_0 qr True 0.084940226
untimed-warmup 0 rejections reference_1 baseline True 0.09074954
untimed-warmup 0 rejections reference_1 qr True 0.047651607
untimed-warmup 0 rejections reference_2 qr True 0.014536645
untimed-warmup 0 rejections reference_2 baseline True 0.018388192
untimed-warmup 0 rejections reference_0 qr True 0.006843478
untimed-warmup 0 rejections reference_0 baseline True 0.004531894
untimed-warmup 0 rejections reference_1 baseline True 0.007432895
untimed-warmup 0 rejections reference_1 qr True 0.004190335
untimed-warmup 0 rejections reference_2 baseline True 0.00439375
untimed-warmup 0 rejections reference_2 qr True 0.00413955
untimed-warmup 0 rejections reference_0 qr True 1.258071978
untimed-warmup 0 rejections reference_0 baseline True 2.344298916
untimed-warmup 0 rejections reference_2 qr True 0.03446264
untimed-warmup 0 rejections reference_2 baseline True 0.057063299
untimed-warmup 0 rejections reference_0 baseline True 0.001843881
untimed-warmup 0 rejections reference_0 qr True 0.002322674
untimed-warmup 0 rejections reference_1 baseline True 0.027831107
untimed-warmup 0 rejections reference_1 qr True 0.020508854
untimed-warmup 0 rejections reference_2 baseline True 0.006093172
untimed-warmup 0 rejections reference_2 qr True 0.004757578
untimed-warmup 0 rejections reference_0 baseline False 1.381698761
untimed-warmup 0 rejections reference_0 qr False 1.086451908
untimed-warmup 0 rejections reference_1 baseline False 0.402925151
untimed-warmup 0 rejections reference_1 qr False 0.333939232
untimed-warmup 0 rejections reference_2 qr False 0.52675926
untimed-warmup 0 rejections reference_2 baseline False 0.748579401
untimed-warmup 0 rejections reference_0 qr True 0.15612847
untimed-warmup 0 rejections reference_0 baseline True 0.130075933
timed 0 rejections reference_1 qr True 0.004802001
timed 0 rejections reference_1 baseline True 0.003050951
timed 0 rejections reference_1 baseline False 0.400226272
timed 0 rejections reference_1 qr False 0.32542237
timed 0 rejections reference_1 baseline True 0.027135675
timed 0 rejections reference_1 qr True 0.033865845
timed 0 rejections reference_0 baseline True 0.002129325
timed 0 rejections reference_0 qr True 0.002708118
timed 0 rejections reference_0 baseline True 2.260215897
timed 0 rejections reference_0 qr True 0.834400667
timed 0 rejections reference_1 baseline True 0.043812823
timed 0 rejections reference_1 qr True 0.022699901
timed 0 rejections reference_0 baseline True 0.005855288
timed 0 rejections reference_0 qr True 0.005161081
timed 0 research hull7301-later-rejected qr True 23.018425538
timed 0 research hull7301-later-rejected baseline True 51.038899225
timed 0 research hull7301-rejected qr True 2.659941938
timed 0 research hull7301-rejected baseline True 4.42661776
timed 0 rejections reference_2 baseline True 0.00513481
timed 0 rejections reference_2 qr True 0.002101992
timed 0 rejections reference_2 baseline True 0.045774448
timed 0 rejections reference_2 qr True 0.051463067
timed 0 rejections reference_2 qr True 0.02154302
timed 0 rejections reference_2 baseline True 0.028867939
timed 0 rejections reference_2 qr True 0.003266867
timed 0 rejections reference_2 baseline True 0.005512216
timed 0 rejections reference_2 qr False 0.47161067
timed 0 rejections reference_2 baseline False 0.761253203
timed 0 rejections reference_0 qr True 0.133118953
timed 0 rejections reference_0 baseline True 0.134784388
timed 0 rejections reference_0 baseline False 2.285840384
timed 0 rejections reference_0 qr False 1.723438307
timed 0 rejections reference_1 baseline True 0.002825077
timed 0 rejections reference_1 qr True 0.002634512
timed 0 research hull42-second-rejected qr True 0.140716783
timed 0 research hull42-second-rejected baseline True 0.281415152
timed 0 research hull42-rejected baseline True 0.001622503
timed 0 research hull42-rejected qr True 0.001613858
timed 0 rejections reference_0 baseline True 0.033594109
timed 0 rejections reference_0 qr True 0.031144842
timed 1 rejections reference_0 qr True 0.005990478
timed 1 rejections reference_0 baseline True 0.004547214
timed 1 rejections reference_0 baseline True 0.132950736
timed 1 rejections reference_0 qr True 0.163160265
timed 1 research hull42-second-rejected baseline True 0.417135682
timed 1 research hull42-second-rejected qr True 0.170585528
timed 1 rejections reference_1 qr True 0.00457189
timed 1 rejections reference_1 baseline True 0.003150108
timed 1 rejections reference_0 baseline True 2.403788219
timed 1 rejections reference_0 qr True 0.820288895
timed 1 rejections reference_2 qr False 0.485478573
timed 1 rejections reference_2 baseline False 0.713695841
timed 1 rejections reference_2 qr True 0.008843315
timed 1 rejections reference_2 baseline True 0.019813781
timed 1 rejections reference_0 baseline False 1.355128446
timed 1 rejections reference_0 qr False 1.682766166
timed 1 rejections reference_1 qr True 0.015686503
timed 1 rejections reference_1 baseline True 0.052861572
timed 1 rejections reference_0 qr True 0.001590119
timed 1 rejections reference_0 baseline True 0.006223815
timed 1 rejections reference_1 baseline True 0.106929789
timed 1 rejections reference_1 qr True 0.068952646
timed 1 rejections reference_2 qr True 0.010054263
timed 1 rejections reference_2 baseline True 0.003499781
timed 1 research hull7301-later-rejected baseline True 68.034196089
timed 1 research hull7301-later-rejected qr True 31.754545572
timed 1 rejections reference_2 qr True 0.012986052
timed 1 rejections reference_2 baseline True 0.007111158
timed 1 rejections reference_1 baseline True 0.008766862
timed 1 rejections reference_1 qr True 0.013730417
timed 1 research hull7301-rejected qr True 15.243726662
timed 1 research hull7301-rejected baseline True 10.11810815
timed 1 rejections reference_1 qr False 0.6439368
timed 1 rejections reference_1 baseline False 0.669774917
timed 1 research hull42-rejected baseline True 0.002767515
timed 1 research hull42-rejected qr True 0.001933822
timed 1 rejections reference_2 baseline True 0.12843685
timed 1 rejections reference_2 qr True 0.072589494
timed 1 rejections reference_0 qr True 0.060019449
timed 1 rejections reference_0 baseline True 0.099759848
timed 2 research hull42-rejected qr True 0.00392432
timed 2 research hull42-rejected baseline True 0.006789684
timed 2 rejections reference_1 qr True 0.007912061
timed 2 rejections reference_1 baseline True 0.0046607
timed 2 research hull7301-rejected qr True 4.549454705
timed 2 research hull7301-rejected baseline True 5.298404482
timed 2 rejections reference_2 qr True 0.016476526
timed 2 rejections reference_2 baseline True 0.010050878
timed 2 rejections reference_0 qr True 0.007110061
timed 2 rejections reference_0 baseline True 0.00335441
timed 2 rejections reference_0 qr True 0.173634033
timed 2 rejections reference_0 baseline True 0.211526296
timed 2 rejections reference_2 baseline True 0.007277657
timed 2 rejections reference_2 qr True 0.003569618
timed 2 rejections reference_1 qr True 0.043098973
timed 2 rejections reference_1 baseline True 0.038000597
timed 2 research hull42-second-rejected baseline True 0.397366469
timed 2 research hull42-second-rejected qr True 0.193898873
timed 2 rejections reference_0 qr True 1.389543474
timed 2 rejections reference_0 baseline True 4.48215767
timed 2 rejections reference_2 baseline True 0.027777281
timed 2 rejections reference_2 qr True 0.015183331
timed 2 rejections reference_2 qr True 0.082814974
timed 2 rejections reference_2 baseline True 0.133522073
timed 2 rejections reference_0 qr True 0.107616212
timed 2 rejections reference_0 baseline True 0.052439109
timed 2 rejections reference_1 baseline False 0.657061064
timed 2 rejections reference_1 qr False 0.408749668
timed 2 rejections reference_0 baseline False 1.505801119
timed 2 rejections reference_0 qr False 1.548066461
timed 2 rejections reference_0 qr True 0.006831259
timed 2 rejections reference_0 baseline True 0.008176559
timed 2 rejections reference_1 qr True 0.063073952
timed 2 rejections reference_1 baseline True 0.029460636
timed 2 rejections reference_1 baseline True 0.00509613
timed 2 rejections reference_1 qr True 0.002501064
timed 2 research hull7301-later-rejected baseline True 37.226851303
timed 2 research hull7301-later-rejected qr True 21.123768119
timed 2 rejections reference_2 qr False 0.778157508
timed 2 rejections reference_2 baseline False 0.970045723
timed 3 research hull7301-rejected baseline True 4.834012155
timed 3 research hull7301-rejected qr True 3.872596742
timed 3 rejections reference_1 qr True 0.043155284
timed 3 rejections reference_1 baseline True 0.038588392
timed 3 research hull42-second-rejected baseline True 1.197204797
timed 3 research hull42-second-rejected qr True 0.388645494
timed 3 rejections reference_0 baseline True 2.98779529
timed 3 rejections reference_0 qr True 1.938986206
timed 3 rejections reference_2 baseline True 0.006435495
timed 3 rejections reference_2 qr True 0.00693317
timed 3 rejections reference_1 qr True 0.005721598
timed 3 rejections reference_1 baseline True 0.012472289
timed 3 research hull7301-later-rejected baseline True 64.518962865
timed 3 research hull7301-later-rejected qr True 18.725057329
timed 3 rejections reference_2 qr True 0.003289825
timed 3 rejections reference_2 baseline True 0.002942467
timed 3 rejections reference_1 baseline False 0.363951611
timed 3 rejections reference_1 qr False 0.368560682
timed 3 rejections reference_0 baseline True 0.001845387
timed 3 rejections reference_0 qr True 0.005003018
timed 3 rejections reference_2 qr False 0.531368858
timed 3 rejections reference_2 baseline False 1.188156658
timed 3 rejections reference_0 baseline False 1.47912453
timed 3 rejections reference_0 qr False 1.222903392
timed 3 research hull42-rejected qr True 0.004539875
timed 3 research hull42-rejected baseline True 0.001651898
timed 3 rejections reference_2 qr True 0.013225863
timed 3 rejections reference_2 baseline True 0.021072358
timed 3 rejections reference_0 qr True 0.007775905
timed 3 rejections reference_0 baseline True 0.005111188
timed 3 rejections reference_2 qr True 0.057607029
timed 3 rejections reference_2 baseline True 0.057115374
timed 3 rejections reference_0 baseline True 0.045271274
timed 3 rejections reference_0 qr True 0.036482223
timed 3 rejections reference_1 baseline True 0.038962195
timed 3 rejections reference_1 qr True 0.025373666
timed 3 rejections reference_0 baseline True 0.154292339
timed 3 rejections reference_0 qr True 0.112457278
timed 3 rejections reference_1 qr True 0.004937931
timed 3 rejections reference_1 baseline True 0.007738032
timed 4 rejections reference_0 qr True 0.145098714
timed 4 rejections reference_0 baseline True 0.151968409
timed 4 research hull7301-later-rejected baseline True 37.065124468
timed 4 research hull7301-later-rejected qr True 25.613875919
timed 4 rejections reference_1 baseline True 0.083716056
timed 4 rejections reference_1 qr True 0.025679972
timed 4 rejections reference_0 qr True 0.050141591
timed 4 rejections reference_0 baseline True 0.06891995
timed 4 rejections reference_2 qr True 0.016662021
timed 4 rejections reference_2 baseline True 0.016598824
timed 4 rejections reference_1 qr False 0.553743665
timed 4 rejections reference_1 baseline False 0.816249708
timed 4 research hull42-rejected baseline True 0.004291887
timed 4 research hull42-rejected qr True 0.002249921
timed 4 rejections reference_0 qr True 0.003535502
timed 4 rejections reference_0 baseline True 0.004240477
timed 4 rejections reference_1 qr True 0.069898856
timed 4 rejections reference_1 baseline True 0.066810622
timed 4 rejections reference_2 baseline True 0.019544226
timed 4 rejections reference_2 qr True 0.008166375
timed 4 rejections reference_2 qr False 1.093712134
timed 4 rejections reference_2 baseline False 1.486266318
timed 4 rejections reference_0 baseline False 2.946352574
timed 4 rejections reference_0 qr False 2.510277155
timed 4 rejections reference_0 baseline True 4.791547227
timed 4 rejections reference_0 qr True 1.641517871
timed 4 rejections reference_2 baseline True 0.084391086
timed 4 rejections reference_2 qr True 0.083586772
timed 4 research hull42-second-rejected qr True 0.255192167
timed 4 research hull42-second-rejected baseline True 0.442112506
timed 4 rejections reference_2 qr True 0.00708455
timed 4 rejections reference_2 baseline True 0.004180069
timed 4 rejections reference_0 baseline True 0.004030912
timed 4 rejections reference_0 qr True 0.003244571
timed 4 research hull7301-rejected baseline True 6.058733703
timed 4 research hull7301-rejected qr True 2.646237213
timed 4 rejections reference_1 qr True 0.003621467
timed 4 rejections reference_1 baseline True 0.002565525
timed 4 rejections reference_1 baseline True 0.003569728
timed 4 rejections reference_1 qr True 0.002068497
DONE timing 240 receipts 0 functional regressions
