[  7%] Built target LinearMath
[ 53%] Built target BulletCollision
[ 73%] Built target BulletDynamics
[ 75%] Built target BulletInverseDynamics
[ 85%] Built target BulletSoftBody
[ 86%] Built target Bullet3Common
[ 87%] Built target spatial_qp_checks
[ 87%] Building CXX object CMakeFiles/spatial_runner.dir/runner.cpp.o
[ 88%] Building CXX object CMakeFiles/spatial_friction_checks.dir/friction_checks.cpp.o
In file included from /home/viktor/.cache/vkf-physics-continuation/spatial_backend/runner.cpp:5:
/home/viktor/.cache/physics-relation-20261005/deps/_deps/bullet-src/src/BulletDynamics/MLCPSolvers/btDantzigSolver.h: In member function ‘virtual bool btDantzigSolver::solveMLCP(const btMatrixXd&, const btVectorXd&, btVectorXd&, const btVectorXd&, const btVectorXd&, const btAlignedObjectArray<int>&, int, bool)’:
/home/viktor/.cache/physics-relation-20261005/deps/_deps/bullet-src/src/BulletDynamics/MLCPSolvers/btDantzigSolver.h:44:187: warning: unused parameter ‘numIterations’ [-Wunused-parameter]
   44 |         virtual bool solveMLCP(const btMatrixXu& A, const btVectorXu& b, btVectorXu& x, const btVectorXu& lo, const btVectorXu& hi, const btAlignedObjectArray<int>& limitDependency, int numIterations, bool useSparsity = true)
      |                                                                                                                                                                                       ~~~~^~~~~~~~~~~~~
/home/viktor/.cache/physics-relation-20261005/deps/_deps/bullet-src/src/BulletDynamics/MLCPSolvers/btDantzigSolver.h:44:207: warning: unused parameter ‘useSparsity’ [-Wunused-parameter]
   44 |         virtual bool solveMLCP(const btMatrixXu& A, const btVectorXu& b, btVectorXu& x, const btVectorXu& lo, const btVectorXu& hi, const btAlignedObjectArray<int>& limitDependency, int numIterations, bool useSparsity = true)
      |                                                                                                                                                                                                          ~~~~~^~~~~~~~~~~~~~~~~~
In file included from /home/viktor/.cache/vkf-physics-continuation/spatial_backend/mobility_continuation.h:5,
                 from /home/viktor/.cache/vkf-physics-continuation/spatial_backend/coulomb.h:4,
                 from /home/viktor/.cache/vkf-physics-continuation/spatial_backend/runner.cpp:13:
/home/viktor/.cache/vkf-physics-continuation/spatial_backend/projection_more.h: In lambda function:
/home/viktor/.cache/vkf-physics-continuation/spatial_backend/projection_more.h:88:4: warning: this ‘if’ clause does not guard... [-Wmisleading-indentation]
   88 |    if(!(radius>0&&std::isfinite(radius)))return false;alphaParameter*=oldRadius/radius;if(!std::isfinite(alphaParameter))return false;
      |    ^~
/home/viktor/.cache/vkf-physics-continuation/spatial_backend/projection_more.h:88:55: note: ...this statement, but the latter is misleadingly indented as if it were guarded by the ‘if’
   88 |    if(!(radius>0&&std::isfinite(radius)))return false;alphaParameter*=oldRadius/radius;if(!std::isfinite(alphaParameter))return false;
      |                                                       ^~~~~~~~~~~~~~
/home/viktor/.cache/vkf-physics-continuation/spatial_backend/mobility_continuation.h: In function ‘bool mobility_continuation::solve(const btMatrixXd&, const btVectorXd&, btVectorXd&, const btVectorXd&, const btVectorXd&, const btAlignedObjectArray<int>&, double, Stats&, OriginalGate&&)’:
/home/viktor/.cache/vkf-physics-continuation/spatial_backend/mobility_continuation.h:32:2: warning: this ‘if’ clause does not guard... [-Wmisleading-indentation]
   32 |  if(!original_gate(A,b,candidate,lo,hi,dep,tol))return false;p=candidate;return true;
      |  ^~
/home/viktor/.cache/vkf-physics-continuation/spatial_backend/mobility_continuation.h:32:62: note: ...this statement, but the latter is misleadingly indented as if it were guarded by the ‘if’
   32 |  if(!original_gate(A,b,candidate,lo,hi,dep,tol))return false;p=candidate;return true;
      |                                                              ^
In file included from /home/viktor/.cache/vkf-physics-continuation/spatial_backend/coulomb.h:5:
/home/viktor/.cache/vkf-physics-continuation/spatial_backend/reduced_mobility_continuation.h: In function ‘bool reduced_mobility_continuation::solve(const btMatrixXd&, const btVectorXd&, btVectorXd&, const btVectorXd&, const btVectorXd&, const btAlignedObjectArray<int>&, double, Stats&, OriginalGate&&)’:
/home/viktor/.cache/vkf-physics-continuation/spatial_backend/reduced_mobility_continuation.h:36:4: warning: this ‘if’ clause does not guard... [-Wmisleading-indentation]
   36 |    if(found)break;bool grew=false;for(int k:normals)if(!active[k]){double w=-rhs[k];for(int j=0;j<m;j++)w+=M(k,j)*q[j];if(w<-tol){active[k]=true;grew=true;}}
      |    ^~
/home/viktor/.cache/vkf-physics-continuation/spatial_backend/reduced_mobility_continuation.h:36:19: note: ...this statement, but the latter is misleadingly indented as if it were guarded by the ‘if’
   36 |    if(found)break;bool grew=false;for(int k:normals)if(!active[k]){double w=-rhs[k];for(int j=0;j<m;j++)w+=M(k,j)*q[j];if(w<-tol){active[k]=true;grew=true;}}
      |                   ^~~~
/home/viktor/.cache/vkf-physics-continuation/spatial_backend/reduced_mobility_continuation.h:39:3: warning: this ‘if’ clause does not guard... [-Wmisleading-indentation]
   39 |   if(!found)return false;for(int i=0;i<m;i++)candidate[ids[i]]=q[i];
      |   ^~
/home/viktor/.cache/vkf-physics-continuation/spatial_backend/reduced_mobility_continuation.h:39:26: note: ...this statement, but the latter is misleadingly indented as if it were guarded by the ‘if’
   39 |   if(!found)return false;for(int i=0;i<m;i++)candidate[ids[i]]=q[i];
      |                          ^~~
/home/viktor/.cache/vkf-physics-continuation/spatial_backend/reduced_mobility_continuation.h:41:2: warning: this ‘if’ clause does not guard... [-Wmisleading-indentation]
   41 |  if(!gate(A,b,candidate,lo,hi,dep))return false;p=candidate;return true;
      |  ^~
/home/viktor/.cache/vkf-physics-continuation/spatial_backend/reduced_mobility_continuation.h:41:49: note: ...this statement, but the latter is misleadingly indented as if it were guarded by the ‘if’
   41 |  if(!gate(A,b,candidate,lo,hi,dep))return false;p=candidate;return true;
      |                                                 ^
In file included from /home/viktor/.cache/vkf-physics-continuation/spatial_backend/coulomb.h:6:
/home/viktor/.cache/vkf-physics-continuation/spatial_backend/terminal_component_polish.h: In function ‘bool terminal_component_polish::solve(const btMatrixXd&, const btVectorXd&, btVectorXd&, const btVectorXd&, const btVectorXd&, const btAlignedObjectArray<int>&, double, Stats&, Gate, Iterate, Polish)’:
/home/viktor/.cache/vkf-physics-continuation/spatial_backend/terminal_component_polish.h:16:3: warning: this ‘if’ clause does not guard... [-Wmisleading-indentation]
   16 |   if(m>192)return false;std::vector<double>rejected;int sweeps=0;bool found=original_iteration(M,rhs,q,lower,upper,d,tol,rejected,sweeps);stats.iteration_steps+=sweeps;
      |   ^~
/home/viktor/.cache/vkf-physics-continuation/spatial_backend/terminal_component_polish.h:16:25: note: ...this statement, but the latter is misleadingly indented as if it were guarded by the ‘if’
   16 |   if(m>192)return false;std::vector<double>rejected;int sweeps=0;bool found=original_iteration(M,rhs,q,lower,upper,d,tol,rejected,sweeps);stats.iteration_steps+=sweeps;
      |                         ^~~
/home/viktor/.cache/vkf-physics-continuation/spatial_backend/terminal_component_polish.h:18:3: warning: this ‘if’ clause does not guard... [-Wmisleading-indentation]
   18 |   if(!found||!original_gate(M,rhs,q,lower,upper,d,tol))return false;for(int i=0;i<m;i++)candidate[ids[i]]=q[i];
      |   ^~
/home/viktor/.cache/vkf-physics-continuation/spatial_backend/terminal_component_polish.h:18:69: note: ...this statement, but the latter is misleadingly indented as if it were guarded by the ‘if’
   18 |   if(!found||!original_gate(M,rhs,q,lower,upper,d,tol))return false;for(int i=0;i<m;i++)candidate[ids[i]]=q[i];
      |                                                                     ^~~
/home/viktor/.cache/vkf-physics-continuation/spatial_backend/terminal_component_polish.h:20:2: warning: this ‘if’ clause does not guard... [-Wmisleading-indentation]
   20 |  if(!original_gate(A,b,candidate,lo,hi,dep,tol))return false;p=candidate;return true;
      |  ^~
/home/viktor/.cache/vkf-physics-continuation/spatial_backend/terminal_component_polish.h:20:62: note: ...this statement, but the latter is misleadingly indented as if it were guarded by the ‘if’
   20 |  if(!original_gate(A,b,candidate,lo,hi,dep,tol))return false;p=candidate;return true;
      |                                                              ^
In file included from /home/viktor/.cache/vkf-physics-continuation/spatial_backend/mixed_face_traction.h:3,
                 from /home/viktor/.cache/vkf-physics-continuation/spatial_backend/coulomb.h:7:
/home/viktor/.cache/vkf-physics-continuation/spatial_backend/mixed_face_simplex.h: In member function ‘bool mixed_face_simplex::Solver::solve(std::vector<double>&)’:
/home/viktor/.cache/vkf-physics-continuation/spatial_backend/mixed_face_simplex.h:59:3: warning: this ‘if’ clause does not guard... [-Wmisleading-indentation]
   59 |   if(!optimize(false))return false;solution.assign(variables,0);
      |   ^~
/home/viktor/.cache/vkf-physics-continuation/spatial_backend/mixed_face_simplex.h:59:36: note: ...this statement, but the latter is misleadingly indented as if it were guarded by the ‘if’
   59 |   if(!optimize(false))return false;solution.assign(variables,0);
      |                                    ^~~~~~~~
/home/viktor/.cache/vkf-physics-continuation/spatial_backend/mixed_face_traction.h: In function ‘bool mixed_face_traction::solve(const btMatrixXd&, const btVectorXd&, btVectorXd&, const btVectorXd&, const btVectorXd&, const btAlignedObjectArray<int>&, double, Stats&, OriginalGate, OriginalResidual)’:
/home/viktor/.cache/vkf-physics-continuation/spatial_backend/mixed_face_traction.h:35:6: warning: this ‘if’ clause does not guard... [-Wmisleading-indentation]
   35 |      if(!c.active)continue;cost[positive[c.normal]]=-1;
      |      ^~
/home/viktor/.cache/vkf-physics-continuation/spatial_backend/mixed_face_traction.h:35:28: note: ...this statement, but the latter is misleadingly indented as if it were guarded by the ‘if’
   35 |      if(!c.active)continue;cost[positive[c.normal]]=-1;
      |                            ^~~~
/home/viktor/.cache/vkf-physics-continuation/spatial_backend/mixed_face_traction.h:40:5: warning: this ‘if’ clause does not guard... [-Wmisleading-indentation]
   40 |     if(constraints.size()>4096)return false;stats.lp_calls++;mixed_face_simplex::Solver lp(constraints,limits,cost,stats.pivots,100000);std::vector<double>solution;if(!lp.solve(solution))break;
      |     ^~
/home/viktor/.cache/vkf-physics-continuation/spatial_backend/mixed_face_traction.h:40:45: note: ...this statement, but the latter is misleadingly indented as if it were guarded by the ‘if’
   40 |     if(constraints.size()>4096)return false;stats.lp_calls++;mixed_face_simplex::Solver lp(constraints,limits,cost,stats.pivots,100000);std::vector<double>solution;if(!lp.solve(solution))break;
      |                                             ^~~~~
/home/viktor/.cache/vkf-physics-continuation/spatial_backend/mixed_face_traction.h:49:3: warning: this ‘if’ clause does not guard... [-Wmisleading-indentation]
   49 |   if(!found)return false;for(int i=0;i<m;i++)candidate[ids[i]]=q[i];
      |   ^~
/home/viktor/.cache/vkf-physics-continuation/spatial_backend/mixed_face_traction.h:49:26: note: ...this statement, but the latter is misleadingly indented as if it were guarded by the ‘if’
   49 |   if(!found)return false;for(int i=0;i<m;i++)candidate[ids[i]]=q[i];
      |                          ^~~
/home/viktor/.cache/vkf-physics-continuation/spatial_backend/mixed_face_traction.h:51:2: warning: this ‘if’ clause does not guard... [-Wmisleading-indentation]
   51 |  if(!original_gate(A,b,candidate,lo,hi,dep,tol))return false;p=candidate;return true;
      |  ^~
/home/viktor/.cache/vkf-physics-continuation/spatial_backend/mixed_face_traction.h:51:62: note: ...this statement, but the latter is misleadingly indented as if it were guarded by the ‘if’
   51 |  if(!original_gate(A,b,candidate,lo,hi,dep,tol))return false;p=candidate;return true;
      |                                                              ^
In file included from /home/viktor/.cache/vkf-physics-continuation/spatial_backend/translation_split.h:9,
                 from /home/viktor/.cache/vkf-physics-continuation/spatial_backend/coulomb.h:13:
/home/viktor/.cache/vkf-physics-continuation/spatial_backend/normal_null.h: In function ‘bool normal_null::solve(const btMatrixXd&, const btVectorXd&, const btVectorXd&, const btVectorXd&, btVectorXd&, double, Stats&, int, int)’:
/home/viktor/.cache/vkf-physics-continuation/spatial_backend/normal_null.h:21:3: warning: this ‘for’ clause does not guard... [-Wmisleading-indentation]
   21 |   for(double v:delta)magnitude=std::max(magnitude,std::abs(v));const bool nullStep=magnitude>1e-12;
      |   ^~~
/home/viktor/.cache/vkf-physics-continuation/spatial_backend/normal_null.h:21:64: note: ...this statement, but the latter is misleadingly indented as if it were guarded by the ‘for’
   21 |   for(double v:delta)magnitude=std::max(magnitude,std::abs(v));const bool nullStep=magnitude>1e-12;
      |                                                                ^~~~~
In file included from /home/viktor/.cache/vkf-physics-continuation/spatial_backend/coulomb.h:14:
/home/viktor/.cache/vkf-physics-continuation/spatial_backend/translation_combined.h: In function ‘bool combined_translation_review::targets(const btAlignedObjectArray<btSolverConstraint*>&, const std::vector<int>&, const std::vector<double>&, const btAlignedObjectArray<btSolverBody>&, const btVectorXd&, double, double, btVectorXd&, btVectorXd*, btVectorXd*)’:
/home/viktor/.cache/vkf-physics-continuation/spatial_backend/translation_combined.h:109:2: warning: this ‘if’ clause does not guard... [-Wmisleading-indentation]
  109 |  if(desired_rates)*desired_rates=desired_values;return true;
      |  ^~
/home/viktor/.cache/vkf-physics-continuation/spatial_backend/translation_combined.h:109:49: note: ...this statement, but the latter is misleadingly indented as if it were guarded by the ‘if’
  109 |  if(desired_rates)*desired_rates=desired_values;return true;
      |                                                 ^~~~~~
In file included from /home/viktor/.cache/vkf-physics-continuation/spatial_backend/coulomb.h:17:
/home/viktor/.cache/vkf-physics-continuation/spatial_backend/null_traction_seed.h: In function ‘bool null_traction_seed::solve(const btMatrixXd&, const btVectorXd&, const btVectorXd&, const btVectorXd&, const btAlignedObjectArray<int>&, btVectorXd&, double, Stats&)’:
/home/viktor/.cache/vkf-physics-continuation/spatial_backend/null_traction_seed.h:34:5: warning: this ‘if’ clause does not guard... [-Wmisleading-indentation]
   34 |     if(found||tries++>=6)break;stats.seed_attempts++;const int rows[3]={c.k,c.t,c.s};std::vector<double>gram(9,0),target(3);
      |     ^~
/home/viktor/.cache/vkf-physics-continuation/spatial_backend/null_traction_seed.h:34:32: note: ...this statement, but the latter is misleadingly indented as if it were guarded by the ‘if’
   34 |     if(found||tries++>=6)break;stats.seed_attempts++;const int rows[3]={c.k,c.t,c.s};std::vector<double>gram(9,0),target(3);
      |                                ^~~~~
/home/viktor/.cache/vkf-physics-continuation/spatial_backend/null_traction_seed.h:44:3: warning: this ‘if’ clause does not guard... [-Wmisleading-indentation]
   44 |   if(!found)return false;for(int i=0;i<m;i++)candidate[ids[i]]=p[i];
      |   ^~
/home/viktor/.cache/vkf-physics-continuation/spatial_backend/null_traction_seed.h:44:26: note: ...this statement, but the latter is misleadingly indented as if it were guarded by the ‘if’
   44 |   if(!found)return false;for(int i=0;i<m;i++)candidate[ids[i]]=p[i];
      |                          ^~~
In file included from /home/viktor/.cache/physics-relation-20261005/deps/_deps/bullet-src/src/LinearMath/btTransform.h:18,
                 from /home/viktor/.cache/physics-relation-20261005/deps/_deps/bullet-src/src/BulletCollision/CollisionDispatch/btCollisionWorld.h:78,
                 from /home/viktor/.cache/physics-relation-20261005/deps/_deps/bullet-src/src/btBulletCollisionCommon.h:22,
                 from /home/viktor/.cache/physics-relation-20261005/deps/_deps/bullet-src/src/btBulletDynamicsCommon.h:20,
                 from /home/viktor/.cache/vkf-physics-continuation/spatial_backend/runner.cpp:3:
In copy constructor ‘btMatrix3x3::btMatrix3x3(const btMatrix3x3&)’,
    inlined from ‘btTransform::btTransform(const btTransform&)’ at /home/viktor/.cache/physics-relation-20261005/deps/_deps/bullet-src/src/LinearMath/btTransform.h:61:5,
    inlined from ‘btSolverBody::btSolverBody(const btSolverBody&)’ at /home/viktor/.cache/physics-relation-20261005/deps/_deps/bullet-src/src/BulletDynamics/ConstraintSolver/btSolverBody.h:104:1,
    inlined from ‘void btAlignedObjectArray<T>::resize(int, const T&) [with T = btSolverBody]’ at /home/viktor/.cache/physics-relation-20261005/deps/_deps/bullet-src/src/LinearMath/btAlignedObjectArray.h:223:5,
    inlined from ‘btAlignedObjectArray<T>::btAlignedObjectArray(const btAlignedObjectArray<T>&) [with T = btSolverBody]’ at /home/viktor/.cache/physics-relation-20261005/deps/_deps/bullet-src/src/LinearMath/btAlignedObjectArray.h:137:9,
    inlined from ‘bool combined_translation_review::acceptedPhysicalBodies(const btAlignedObjectArray<btSolverConstraint*>&, const btAlignedObjectArray<btSolverBody>&, const btVectorXd&, btAlignedObjectArray<btSolverBody>&)’ at /home/viktor/.cache/vkf-physics-continuation/spatial_backend/translation_combined.h:33:43:
/home/viktor/.cache/physics-relation-20261005/deps/_deps/bullet-src/src/LinearMath/btMatrix3x3.h:117:25: warning: ‘<unnamed>.btSolverBody::m_worldTransform.btTransform::m_basis.btMatrix3x3::m_el[0]’ may be used uninitialized [-Wmaybe-uninitialized]
  117 |                 m_el[0] = other.m_el[0];
      |                 ~~~~~~~~^~~~~~~~~~~~~~~
In file included from /home/viktor/.cache/physics-relation-20261005/deps/_deps/bullet-src/src/BulletCollision/CollisionDispatch/btCollisionObject.h:34,
                 from /home/viktor/.cache/physics-relation-20261005/deps/_deps/bullet-src/src/BulletCollision/CollisionDispatch/btCollisionWorld.h:79:
/home/viktor/.cache/physics-relation-20261005/deps/_deps/bullet-src/src/LinearMath/btAlignedObjectArray.h: In function ‘bool combined_translation_review::acceptedPhysicalBodies(const btAlignedObjectArray<btSolverConstraint*>&, const btAlignedObjectArray<btSolverBody>&, const btVectorXd&, btAlignedObjectArray<btSolverBody>&)’:
/home/viktor/.cache/physics-relation-20261005/deps/_deps/bullet-src/src/LinearMath/btAlignedObjectArray.h:137:23: note: ‘<anonymous>’ declared here
  137 |                 resize(otherSize);
      |                 ~~~~~~^~~~~~~~~~~
In copy constructor ‘btMatrix3x3::btMatrix3x3(const btMatrix3x3&)’,
    inlined from ‘btTransform::btTransform(const btTransform&)’ at /home/viktor/.cache/physics-relation-20261005/deps/_deps/bullet-src/src/LinearMath/btTransform.h:61:5,
    inlined from ‘btSolverBody::btSolverBody(const btSolverBody&)’ at /home/viktor/.cache/physics-relation-20261005/deps/_deps/bullet-src/src/BulletDynamics/ConstraintSolver/btSolverBody.h:104:1,
    inlined from ‘void btAlignedObjectArray<T>::resize(int, const T&) [with T = btSolverBody]’ at /home/viktor/.cache/physics-relation-20261005/deps/_deps/bullet-src/src/LinearMath/btAlignedObjectArray.h:223:5,
    inlined from ‘btAlignedObjectArray<T>::btAlignedObjectArray(const btAlignedObjectArray<T>&) [with T = btSolverBody]’ at /home/viktor/.cache/physics-relation-20261005/deps/_deps/bullet-src/src/LinearMath/btAlignedObjectArray.h:137:9,
    inlined from ‘bool combined_translation_review::acceptedPhysicalBodies(const btAlignedObjectArray<btSolverConstraint*>&, const btAlignedObjectArray<btSolverBody>&, const btVectorXd&, btAlignedObjectArray<btSolverBody>&)’ at /home/viktor/.cache/vkf-physics-continuation/spatial_backend/translation_combined.h:33:43:
/home/viktor/.cache/physics-relation-20261005/deps/_deps/bullet-src/src/LinearMath/btMatrix3x3.h:118:25: warning: ‘<unnamed>.btSolverBody::m_worldTransform.btTransform::m_basis.btMatrix3x3::m_el[1]’ may be used uninitialized [-Wmaybe-uninitialized]
  118 |                 m_el[1] = other.m_el[1];
      |                 ~~~~~~~~^~~~~~~~~~~~~~~
/home/viktor/.cache/physics-relation-20261005/deps/_deps/bullet-src/src/LinearMath/btAlignedObjectArray.h: In function ‘bool combined_translation_review::acceptedPhysicalBodies(const btAlignedObjectArray<btSolverConstraint*>&, const btAlignedObjectArray<btSolverBody>&, const btVectorXd&, btAlignedObjectArray<btSolverBody>&)’:
/home/viktor/.cache/physics-relation-20261005/deps/_deps/bullet-src/src/LinearMath/btAlignedObjectArray.h:137:23: note: ‘<anonymous>’ declared here
  137 |                 resize(otherSize);
      |                 ~~~~~~^~~~~~~~~~~
In copy constructor ‘btMatrix3x3::btMatrix3x3(const btMatrix3x3&)’,
    inlined from ‘btTransform::btTransform(const btTransform&)’ at /home/viktor/.cache/physics-relation-20261005/deps/_deps/bullet-src/src/LinearMath/btTransform.h:61:5,
    inlined from ‘btSolverBody::btSolverBody(const btSolverBody&)’ at /home/viktor/.cache/physics-relation-20261005/deps/_deps/bullet-src/src/BulletDynamics/ConstraintSolver/btSolverBody.h:104:1,
    inlined from ‘void btAlignedObjectArray<T>::resize(int, const T&) [with T = btSolverBody]’ at /home/viktor/.cache/physics-relation-20261005/deps/_deps/bullet-src/src/LinearMath/btAlignedObjectArray.h:223:5,
    inlined from ‘btAlignedObjectArray<T>::btAlignedObjectArray(const btAlignedObjectArray<T>&) [with T = btSolverBody]’ at /home/viktor/.cache/physics-relation-20261005/deps/_deps/bullet-src/src/LinearMath/btAlignedObjectArray.h:137:9,
    inlined from ‘bool combined_translation_review::acceptedPhysicalBodies(const btAlignedObjectArray<btSolverConstraint*>&, const btAlignedObjectArray<btSolverBody>&, const btVectorXd&, btAlignedObjectArray<btSolverBody>&)’ at /home/viktor/.cache/vkf-physics-continuation/spatial_backend/translation_combined.h:33:43:
/home/viktor/.cache/physics-relation-20261005/deps/_deps/bullet-src/src/LinearMath/btMatrix3x3.h:119:25: warning: ‘<unnamed>.btSolverBody::m_worldTransform.btTransform::m_basis.btMatrix3x3::m_el[2]’ may be used uninitialized [-Wmaybe-uninitialized]
  119 |                 m_el[2] = other.m_el[2];
      |                 ~~~~~~~~^~~~~~~~~~~~~~~
/home/viktor/.cache/physics-relation-20261005/deps/_deps/bullet-src/src/LinearMath/btAlignedObjectArray.h: In function ‘bool combined_translation_review::acceptedPhysicalBodies(const btAlignedObjectArray<btSolverConstraint*>&, const btAlignedObjectArray<btSolverBody>&, const btVectorXd&, btAlignedObjectArray<btSolverBody>&)’:
/home/viktor/.cache/physics-relation-20261005/deps/_deps/bullet-src/src/LinearMath/btAlignedObjectArray.h:137:23: note: ‘<anonymous>’ declared here
  137 |                 resize(otherSize);
      |                 ~~~~~~^~~~~~~~~~~
In copy constructor ‘btTransform::btTransform(const btTransform&)’,
    inlined from ‘btSolverBody::btSolverBody(const btSolverBody&)’ at /home/viktor/.cache/physics-relation-20261005/deps/_deps/bullet-src/src/BulletDynamics/ConstraintSolver/btSolverBody.h:104:1,
    inlined from ‘void btAlignedObjectArray<T>::resize(int, const T&) [with T = btSolverBody]’ at /home/viktor/.cache/physics-relation-20261005/deps/_deps/bullet-src/src/LinearMath/btAlignedObjectArray.h:223:5,
    inlined from ‘btAlignedObjectArray<T>::btAlignedObjectArray(const btAlignedObjectArray<T>&) [with T = btSolverBody]’ at /home/viktor/.cache/physics-relation-20261005/deps/_deps/bullet-src/src/LinearMath/btAlignedObjectArray.h:137:9,
    inlined from ‘bool combined_translation_review::acceptedPhysicalBodies(const btAlignedObjectArray<btSolverConstraint*>&, const btAlignedObjectArray<btSolverBody>&, const btVectorXd&, btAlignedObjectArray<btSolverBody>&)’ at /home/viktor/.cache/vkf-physics-continuation/spatial_backend/translation_combined.h:33:43:
/home/viktor/.cache/physics-relation-20261005/deps/_deps/bullet-src/src/LinearMath/btTransform.h:62:19: warning: ‘<unnamed>.btSolverBody::m_worldTransform.btTransform::m_origin’ may be used uninitialized [-Wmaybe-uninitialized]
   62 |                   m_origin(other.m_origin)
      |                   ^~~~~~~~~~~~~~~~~~~~~~~~
/home/viktor/.cache/physics-relation-20261005/deps/_deps/bullet-src/src/LinearMath/btAlignedObjectArray.h: In function ‘bool combined_translation_review::acceptedPhysicalBodies(const btAlignedObjectArray<btSolverConstraint*>&, const btAlignedObjectArray<btSolverBody>&, const btVectorXd&, btAlignedObjectArray<btSolverBody>&)’:
/home/viktor/.cache/physics-relation-20261005/deps/_deps/bullet-src/src/LinearMath/btAlignedObjectArray.h:137:23: note: ‘<anonymous>’ declared here
  137 |                 resize(otherSize);
      |                 ~~~~~~^~~~~~~~~~~
In file included from /home/viktor/.cache/physics-relation-20261005/deps/_deps/bullet-src/src/BulletDynamics/ConstraintSolver/btSolverConstraint.h:26,
                 from /home/viktor/.cache/physics-relation-20261005/deps/_deps/bullet-src/src/BulletDynamics/ConstraintSolver/btTypedConstraint.h:20,
                 from /home/viktor/.cache/physics-relation-20261005/deps/_deps/bullet-src/src/BulletDynamics/ConstraintSolver/btPoint2PointConstraint.h:21,
                 from /home/viktor/.cache/physics-relation-20261005/deps/_deps/bullet-src/src/btBulletDynamicsCommon.h:27:
In copy constructor ‘btSolverBody::btSolverBody(const btSolverBody&)’,
    inlined from ‘void btAlignedObjectArray<T>::resize(int, const T&) [with T = btSolverBody]’ at /home/viktor/.cache/physics-relation-20261005/deps/_deps/bullet-src/src/LinearMath/btAlignedObjectArray.h:223:5,
    inlined from ‘btAlignedObjectArray<T>::btAlignedObjectArray(const btAlignedObjectArray<T>&) [with T = btSolverBody]’ at /home/viktor/.cache/physics-relation-20261005/deps/_deps/bullet-src/src/LinearMath/btAlignedObjectArray.h:137:9,
    inlined from ‘bool combined_translation_review::acceptedPhysicalBodies(const btAlignedObjectArray<btSolverConstraint*>&, const btAlignedObjectArray<btSolverBody>&, const btVectorXd&, btAlignedObjectArray<btSolverBody>&)’ at /home/viktor/.cache/vkf-physics-continuation/spatial_backend/translation_combined.h:33:43:
/home/viktor/.cache/physics-relation-20261005/deps/_deps/bullet-src/src/BulletDynamics/ConstraintSolver/btSolverBody.h:104:1: warning: ‘<unnamed>.btSolverBody::m_deltaLinearVelocity’ may be used uninitialized [-Wmaybe-uninitialized]
  104 | btSolverBody
      | ^~~~~~~~~~~~
/home/viktor/.cache/physics-relation-20261005/deps/_deps/bullet-src/src/LinearMath/btAlignedObjectArray.h: In function ‘bool combined_translation_review::acceptedPhysicalBodies(const btAlignedObjectArray<btSolverConstraint*>&, const btAlignedObjectArray<btSolverBody>&, const btVectorXd&, btAlignedObjectArray<btSolverBody>&)’:
/home/viktor/.cache/physics-relation-20261005/deps/_deps/bullet-src/src/LinearMath/btAlignedObjectArray.h:137:23: note: ‘<anonymous>’ declared here
  137 |                 resize(otherSize);
      |                 ~~~~~~^~~~~~~~~~~
In copy constructor ‘btSolverBody::btSolverBody(const btSolverBody&)’,
    inlined from ‘void btAlignedObjectArray<T>::resize(int, const T&) [with T = btSolverBody]’ at /home/viktor/.cache/physics-relation-20261005/deps/_deps/bullet-src/src/LinearMath/btAlignedObjectArray.h:223:5,
    inlined from ‘btAlignedObjectArray<T>::btAlignedObjectArray(const btAlignedObjectArray<T>&) [with T = btSolverBody]’ at /home/viktor/.cache/physics-relation-20261005/deps/_deps/bullet-src/src/LinearMath/btAlignedObjectArray.h:137:9,
    inlined from ‘bool combined_translation_review::acceptedPhysicalBodies(const btAlignedObjectArray<btSolverConstraint*>&, const btAlignedObjectArray<btSolverBody>&, const btVectorXd&, btAlignedObjectArray<btSolverBody>&)’ at /home/viktor/.cache/vkf-physics-continuation/spatial_backend/translation_combined.h:33:43:
/home/viktor/.cache/physics-relation-20261005/deps/_deps/bullet-src/src/BulletDynamics/ConstraintSolver/btSolverBody.h:104:1: warning: ‘<unnamed>.btSolverBody::m_deltaAngularVelocity’ may be used uninitialized [-Wmaybe-uninitialized]
  104 | btSolverBody
      | ^~~~~~~~~~~~
/home/viktor/.cache/physics-relation-20261005/deps/_deps/bullet-src/src/LinearMath/btAlignedObjectArray.h: In function ‘bool combined_translation_review::acceptedPhysicalBodies(const btAlignedObjectArray<btSolverConstraint*>&, const btAlignedObjectArray<btSolverBody>&, const btVectorXd&, btAlignedObjectArray<btSolverBody>&)’:
/home/viktor/.cache/physics-relation-20261005/deps/_deps/bullet-src/src/LinearMath/btAlignedObjectArray.h:137:23: note: ‘<anonymous>’ declared here
  137 |                 resize(otherSize);
      |                 ~~~~~~^~~~~~~~~~~
In copy constructor ‘btSolverBody::btSolverBody(const btSolverBody&)’,
    inlined from ‘void btAlignedObjectArray<T>::resize(int, const T&) [with T = btSolverBody]’ at /home/viktor/.cache/physics-relation-20261005/deps/_deps/bullet-src/src/LinearMath/btAlignedObjectArray.h:223:5,
    inlined from ‘btAlignedObjectArray<T>::btAlignedObjectArray(const btAlignedObjectArray<T>&) [with T = btSolverBody]’ at /home/viktor/.cache/physics-relation-20261005/deps/_deps/bullet-src/src/LinearMath/btAlignedObjectArray.h:137:9,
    inlined from ‘bool combined_translation_review::acceptedPhysicalBodies(const btAlignedObjectArray<btSolverConstraint*>&, const btAlignedObjectArray<btSolverBody>&, const btVectorXd&, btAlignedObjectArray<btSolverBody>&)’ at /home/viktor/.cache/vkf-physics-continuation/spatial_backend/translation_combined.h:33:43:
/home/viktor/.cache/physics-relation-20261005/deps/_deps/bullet-src/src/BulletDynamics/ConstraintSolver/btSolverBody.h:104:1: warning: ‘<unnamed>.btSolverBody::m_angularFactor’ may be used uninitialized [-Wmaybe-uninitialized]
  104 | btSolverBody
      | ^~~~~~~~~~~~
/home/viktor/.cache/physics-relation-20261005/deps/_deps/bullet-src/src/LinearMath/btAlignedObjectArray.h: In function ‘bool combined_translation_review::acceptedPhysicalBodies(const btAlignedObjectArray<btSolverConstraint*>&, const btAlignedObjectArray<btSolverBody>&, const btVectorXd&, btAlignedObjectArray<btSolverBody>&)’:
/home/viktor/.cache/physics-relation-20261005/deps/_deps/bullet-src/src/LinearMath/btAlignedObjectArray.h:137:23: note: ‘<anonymous>’ declared here
  137 |                 resize(otherSize);
      |                 ~~~~~~^~~~~~~~~~~
In copy constructor ‘btSolverBody::btSolverBody(const btSolverBody&)’,
    inlined from ‘void btAlignedObjectArray<T>::resize(int, const T&) [with T = btSolverBody]’ at /home/viktor/.cache/physics-relation-20261005/deps/_deps/bullet-src/src/LinearMath/btAlignedObjectArray.h:223:5,
    inlined from ‘btAlignedObjectArray<T>::btAlignedObjectArray(const btAlignedObjectArray<T>&) [with T = btSolverBody]’ at /home/viktor/.cache/physics-relation-20261005/deps/_deps/bullet-src/src/LinearMath/btAlignedObjectArray.h:137:9,
    inlined from ‘bool combined_translation_review::acceptedPhysicalBodies(const btAlignedObjectArray<btSolverConstraint*>&, const btAlignedObjectArray<btSolverBody>&, const btVectorXd&, btAlignedObjectArray<btSolverBody>&)’ at /home/viktor/.cache/vkf-physics-continuation/spatial_backend/translation_combined.h:33:43:
/home/viktor/.cache/physics-relation-20261005/deps/_deps/bullet-src/src/BulletDynamics/ConstraintSolver/btSolverBody.h:104:1: warning: ‘<unnamed>.btSolverBody::m_linearFactor’ may be used uninitialized [-Wmaybe-uninitialized]
  104 | btSolverBody
      | ^~~~~~~~~~~~
/home/viktor/.cache/physics-relation-20261005/deps/_deps/bullet-src/src/LinearMath/btAlignedObjectArray.h: In function ‘bool combined_translation_review::acceptedPhysicalBodies(const btAlignedObjectArray<btSolverConstraint*>&, const btAlignedObjectArray<btSolverBody>&, const btVectorXd&, btAlignedObjectArray<btSolverBody>&)’:
/home/viktor/.cache/physics-relation-20261005/deps/_deps/bullet-src/src/LinearMath/btAlignedObjectArray.h:137:23: note: ‘<anonymous>’ declared here
  137 |                 resize(otherSize);
      |                 ~~~~~~^~~~~~~~~~~
In copy constructor ‘btSolverBody::btSolverBody(const btSolverBody&)’,
    inlined from ‘void btAlignedObjectArray<T>::resize(int, const T&) [with T = btSolverBody]’ at /home/viktor/.cache/physics-relation-20261005/deps/_deps/bullet-src/src/LinearMath/btAlignedObjectArray.h:223:5,
    inlined from ‘btAlignedObjectArray<T>::btAlignedObjectArray(const btAlignedObjectArray<T>&) [with T = btSolverBody]’ at /home/viktor/.cache/physics-relation-20261005/deps/_deps/bullet-src/src/LinearMath/btAlignedObjectArray.h:137:9,
    inlined from ‘bool combined_translation_review::acceptedPhysicalBodies(const btAlignedObjectArray<btSolverConstraint*>&, const btAlignedObjectArray<btSolverBody>&, const btVectorXd&, btAlignedObjectArray<btSolverBody>&)’ at /home/viktor/.cache/vkf-physics-continuation/spatial_backend/translation_combined.h:33:43:
/home/viktor/.cache/physics-relation-20261005/deps/_deps/bullet-src/src/BulletDynamics/ConstraintSolver/btSolverBody.h:104:1: warning: ‘<unnamed>.btSolverBody::m_invMass’ may be used uninitialized [-Wmaybe-uninitialized]
  104 | btSolverBody
      | ^~~~~~~~~~~~
/home/viktor/.cache/physics-relation-20261005/deps/_deps/bullet-src/src/LinearMath/btAlignedObjectArray.h: In function ‘bool combined_translation_review::acceptedPhysicalBodies(const btAlignedObjectArray<btSolverConstraint*>&, const btAlignedObjectArray<btSolverBody>&, const btVectorXd&, btAlignedObjectArray<btSolverBody>&)’:
/home/viktor/.cache/physics-relation-20261005/deps/_deps/bullet-src/src/LinearMath/btAlignedObjectArray.h:137:23: note: ‘<anonymous>’ declared here
  137 |                 resize(otherSize);
      |                 ~~~~~~^~~~~~~~~~~
In copy constructor ‘btSolverBody::btSolverBody(const btSolverBody&)’,
    inlined from ‘void btAlignedObjectArray<T>::resize(int, const T&) [with T = btSolverBody]’ at /home/viktor/.cache/physics-relation-20261005/deps/_deps/bullet-src/src/LinearMath/btAlignedObjectArray.h:223:5,
    inlined from ‘btAlignedObjectArray<T>::btAlignedObjectArray(const btAlignedObjectArray<T>&) [with T = btSolverBody]’ at /home/viktor/.cache/physics-relation-20261005/deps/_deps/bullet-src/src/LinearMath/btAlignedObjectArray.h:137:9,
    inlined from ‘bool combined_translation_review::acceptedPhysicalBodies(const btAlignedObjectArray<btSolverConstraint*>&, const btAlignedObjectArray<btSolverBody>&, const btVectorXd&, btAlignedObjectArray<btSolverBody>&)’ at /home/viktor/.cache/vkf-physics-continuation/spatial_backend/translation_combined.h:33:43:
/home/viktor/.cache/physics-relation-20261005/deps/_deps/bullet-src/src/BulletDynamics/ConstraintSolver/btSolverBody.h:104:1: warning: ‘<unnamed>.btSolverBody::m_pushVelocity’ may be used uninitialized [-Wmaybe-uninitialized]
  104 | btSolverBody
      | ^~~~~~~~~~~~
/home/viktor/.cache/physics-relation-20261005/deps/_deps/bullet-src/src/LinearMath/btAlignedObjectArray.h: In function ‘bool combined_translation_review::acceptedPhysicalBodies(const btAlignedObjectArray<btSolverConstraint*>&, const btAlignedObjectArray<btSolverBody>&, const btVectorXd&, btAlignedObjectArray<btSolverBody>&)’:
/home/viktor/.cache/physics-relation-20261005/deps/_deps/bullet-src/src/LinearMath/btAlignedObjectArray.h:137:23: note: ‘<anonymous>’ declared here
  137 |                 resize(otherSize);
      |                 ~~~~~~^~~~~~~~~~~
In copy constructor ‘btSolverBody::btSolverBody(const btSolverBody&)’,
    inlined from ‘void btAlignedObjectArray<T>::resize(int, const T&) [with T = btSolverBody]’ at /home/viktor/.cache/physics-relation-20261005/deps/_deps/bullet-src/src/LinearMath/btAlignedObjectArray.h:223:5,
    inlined from ‘btAlignedObjectArray<T>::btAlignedObjectArray(const btAlignedObjectArray<T>&) [with T = btSolverBody]’ at /home/viktor/.cache/physics-relation-20261005/deps/_deps/bullet-src/src/LinearMath/btAlignedObjectArray.h:137:9,
    inlined from ‘bool combined_translation_review::acceptedPhysicalBodies(const btAlignedObjectArray<btSolverConstraint*>&, const btAlignedObjectArray<btSolverBody>&, const btVectorXd&, btAlignedObjectArray<btSolverBody>&)’ at /home/viktor/.cache/vkf-physics-continuation/spatial_backend/translation_combined.h:33:43:
/home/viktor/.cache/physics-relation-20261005/deps/_deps/bullet-src/src/BulletDynamics/ConstraintSolver/btSolverBody.h:104:1: warning: ‘<unnamed>.btSolverBody::m_turnVelocity’ may be used uninitialized [-Wmaybe-uninitialized]
  104 | btSolverBody
      | ^~~~~~~~~~~~
/home/viktor/.cache/physics-relation-20261005/deps/_deps/bullet-src/src/LinearMath/btAlignedObjectArray.h: In function ‘bool combined_translation_review::acceptedPhysicalBodies(const btAlignedObjectArray<btSolverConstraint*>&, const btAlignedObjectArray<btSolverBody>&, const btVectorXd&, btAlignedObjectArray<btSolverBody>&)’:
/home/viktor/.cache/physics-relation-20261005/deps/_deps/bullet-src/src/LinearMath/btAlignedObjectArray.h:137:23: note: ‘<anonymous>’ declared here
  137 |                 resize(otherSize);
      |                 ~~~~~~^~~~~~~~~~~
In copy constructor ‘btSolverBody::btSolverBody(const btSolverBody&)’,
    inlined from ‘void btAlignedObjectArray<T>::resize(int, const T&) [with T = btSolverBody]’ at /home/viktor/.cache/physics-relation-20261005/deps/_deps/bullet-src/src/LinearMath/btAlignedObjectArray.h:223:5,
    inlined from ‘btAlignedObjectArray<T>::btAlignedObjectArray(const btAlignedObjectArray<T>&) [with T = btSolverBody]’ at /home/viktor/.cache/physics-relation-20261005/deps/_deps/bullet-src/src/LinearMath/btAlignedObjectArray.h:137:9,
    inlined from ‘bool combined_translation_review::acceptedPhysicalBodies(const btAlignedObjectArray<btSolverConstraint*>&, const btAlignedObjectArray<btSolverBody>&, const btVectorXd&, btAlignedObjectArray<btSolverBody>&)’ at /home/viktor/.cache/vkf-physics-continuation/spatial_backend/translation_combined.h:33:43:
/home/viktor/.cache/physics-relation-20261005/deps/_deps/bullet-src/src/BulletDynamics/ConstraintSolver/btSolverBody.h:104:1: warning: ‘<unnamed>.btSolverBody::m_linearVelocity’ may be used uninitialized [-Wmaybe-uninitialized]
  104 | btSolverBody
      | ^~~~~~~~~~~~
/home/viktor/.cache/physics-relation-20261005/deps/_deps/bullet-src/src/LinearMath/btAlignedObjectArray.h: In function ‘bool combined_translation_review::acceptedPhysicalBodies(const btAlignedObjectArray<btSolverConstraint*>&, const btAlignedObjectArray<btSolverBody>&, const btVectorXd&, btAlignedObjectArray<btSolverBody>&)’:
/home/viktor/.cache/physics-relation-20261005/deps/_deps/bullet-src/src/LinearMath/btAlignedObjectArray.h:137:23: note: ‘<anonymous>’ declared here
  137 |                 resize(otherSize);
      |                 ~~~~~~^~~~~~~~~~~
In copy constructor ‘btSolverBody::btSolverBody(const btSolverBody&)’,
    inlined from ‘void btAlignedObjectArray<T>::resize(int, const T&) [with T = btSolverBody]’ at /home/viktor/.cache/physics-relation-20261005/deps/_deps/bullet-src/src/LinearMath/btAlignedObjectArray.h:223:5,
    inlined from ‘btAlignedObjectArray<T>::btAlignedObjectArray(const btAlignedObjectArray<T>&) [with T = btSolverBody]’ at /home/viktor/.cache/physics-relation-20261005/deps/_deps/bullet-src/src/LinearMath/btAlignedObjectArray.h:137:9,
    inlined from ‘bool combined_translation_review::acceptedPhysicalBodies(const btAlignedObjectArray<btSolverConstraint*>&, const btAlignedObjectArray<btSolverBody>&, const btVectorXd&, btAlignedObjectArray<btSolverBody>&)’ at /home/viktor/.cache/vkf-physics-continuation/spatial_backend/translation_combined.h:33:43:
/home/viktor/.cache/physics-relation-20261005/deps/_deps/bullet-src/src/BulletDynamics/ConstraintSolver/btSolverBody.h:104:1: warning: ‘<unnamed>.btSolverBody::m_angularVelocity’ may be used uninitialized [-Wmaybe-uninitialized]
  104 | btSolverBody
      | ^~~~~~~~~~~~
/home/viktor/.cache/physics-relation-20261005/deps/_deps/bullet-src/src/LinearMath/btAlignedObjectArray.h: In function ‘bool combined_translation_review::acceptedPhysicalBodies(const btAlignedObjectArray<btSolverConstraint*>&, const btAlignedObjectArray<btSolverBody>&, const btVectorXd&, btAlignedObjectArray<btSolverBody>&)’:
/home/viktor/.cache/physics-relation-20261005/deps/_deps/bullet-src/src/LinearMath/btAlignedObjectArray.h:137:23: note: ‘<anonymous>’ declared here
  137 |                 resize(otherSize);
      |                 ~~~~~~^~~~~~~~~~~
In copy constructor ‘btSolverBody::btSolverBody(const btSolverBody&)’,
    inlined from ‘void btAlignedObjectArray<T>::resize(int, const T&) [with T = btSolverBody]’ at /home/viktor/.cache/physics-relation-20261005/deps/_deps/bullet-src/src/LinearMath/btAlignedObjectArray.h:223:5,
    inlined from ‘btAlignedObjectArray<T>::btAlignedObjectArray(const btAlignedObjectArray<T>&) [with T = btSolverBody]’ at /home/viktor/.cache/physics-relation-20261005/deps/_deps/bullet-src/src/LinearMath/btAlignedObjectArray.h:137:9,
    inlined from ‘bool combined_translation_review::acceptedPhysicalBodies(const btAlignedObjectArray<btSolverConstraint*>&, const btAlignedObjectArray<btSolverBody>&, const btVectorXd&, btAlignedObjectArray<btSolverBody>&)’ at /home/viktor/.cache/vkf-physics-continuation/spatial_backend/translation_combined.h:33:43:
/home/viktor/.cache/physics-relation-20261005/deps/_deps/bullet-src/src/BulletDynamics/ConstraintSolver/btSolverBody.h:104:1: warning: ‘<unnamed>.btSolverBody::m_externalForceImpulse’ may be used uninitialized [-Wmaybe-uninitialized]
  104 | btSolverBody
      | ^~~~~~~~~~~~
/home/viktor/.cache/physics-relation-20261005/deps/_deps/bullet-src/src/LinearMath/btAlignedObjectArray.h: In function ‘bool combined_translation_review::acceptedPhysicalBodies(const btAlignedObjectArray<btSolverConstraint*>&, const btAlignedObjectArray<btSolverBody>&, const btVectorXd&, btAlignedObjectArray<btSolverBody>&)’:
/home/viktor/.cache/physics-relation-20261005/deps/_deps/bullet-src/src/LinearMath/btAlignedObjectArray.h:137:23: note: ‘<anonymous>’ declared here
  137 |                 resize(otherSize);
      |                 ~~~~~~^~~~~~~~~~~
In copy constructor ‘btSolverBody::btSolverBody(const btSolverBody&)’,
    inlined from ‘void btAlignedObjectArray<T>::resize(int, const T&) [with T = btSolverBody]’ at /home/viktor/.cache/physics-relation-20261005/deps/_deps/bullet-src/src/LinearMath/btAlignedObjectArray.h:223:5,
    inlined from ‘btAlignedObjectArray<T>::btAlignedObjectArray(const btAlignedObjectArray<T>&) [with T = btSolverBody]’ at /home/viktor/.cache/physics-relation-20261005/deps/_deps/bullet-src/src/LinearMath/btAlignedObjectArray.h:137:9,
    inlined from ‘bool combined_translation_review::acceptedPhysicalBodies(const btAlignedObjectArray<btSolverConstraint*>&, const btAlignedObjectArray<btSolverBody>&, const btVectorXd&, btAlignedObjectArray<btSolverBody>&)’ at /home/viktor/.cache/vkf-physics-continuation/spatial_backend/translation_combined.h:33:43:
/home/viktor/.cache/physics-relation-20261005/deps/_deps/bullet-src/src/BulletDynamics/ConstraintSolver/btSolverBody.h:104:1: warning: ‘<unnamed>.btSolverBody::m_externalTorqueImpulse’ may be used uninitialized [-Wmaybe-uninitialized]
  104 | btSolverBody
      | ^~~~~~~~~~~~
/home/viktor/.cache/physics-relation-20261005/deps/_deps/bullet-src/src/LinearMath/btAlignedObjectArray.h: In function ‘bool combined_translation_review::acceptedPhysicalBodies(const btAlignedObjectArray<btSolverConstraint*>&, const btAlignedObjectArray<btSolverBody>&, const btVectorXd&, btAlignedObjectArray<btSolverBody>&)’:
/home/viktor/.cache/physics-relation-20261005/deps/_deps/bullet-src/src/LinearMath/btAlignedObjectArray.h:137:23: note: ‘<anonymous>’ declared here
  137 |                 resize(otherSize);
      |                 ~~~~~~^~~~~~~~~~~
In copy constructor ‘btMatrix3x3::btMatrix3x3(const btMatrix3x3&)’,
    inlined from ‘btTransform::btTransform(const btTransform&)’ at /home/viktor/.cache/physics-relation-20261005/deps/_deps/bullet-src/src/LinearMath/btTransform.h:61:5,
    inlined from ‘btSolverBody::btSolverBody(const btSolverBody&)’ at /home/viktor/.cache/physics-relation-20261005/deps/_deps/bullet-src/src/BulletDynamics/ConstraintSolver/btSolverBody.h:104:1,
    inlined from ‘void btAlignedObjectArray<T>::resize(int, const T&) [with T = btSolverBody]’ at /home/viktor/.cache/physics-relation-20261005/deps/_deps/bullet-src/src/LinearMath/btAlignedObjectArray.h:223:5,
    inlined from ‘void btAlignedObjectArray<T>::copyFromArray(const btAlignedObjectArray<T>&) [with T = btSolverBody]’ at /home/viktor/.cache/physics-relation-20261005/deps/_deps/bullet-src/src/LinearMath/btAlignedObjectArray.h:499:9,
    inlined from ‘btAlignedObjectArray<T>& btAlignedObjectArray<T>::operator=(const btAlignedObjectArray<T>&) [with T = btSolverBody]’ at /home/viktor/.cache/physics-relation-20261005/deps/_deps/bullet-src/src/LinearMath/btAlignedObjectArray.h:59:16,
    inlined from ‘bool combined_translation_review::acceptedPhysicalBodies(const btAlignedObjectArray<btSolverConstraint*>&, const btAlignedObjectArray<btSolverBody>&, const btVectorXd&, btAlignedObjectArray<btSolverBody>&)’ at /home/viktor/.cache/vkf-physics-continuation/spatial_backend/translation_combined.h:50:9:
/home/viktor/.cache/physics-relation-20261005/deps/_deps/bullet-src/src/LinearMath/btMatrix3x3.h:117:25: warning: ‘<unnamed>.btSolverBody::m_worldTransform.btTransform::m_basis.btMatrix3x3::m_el[0]’ may be used uninitialized [-Wmaybe-uninitialized]
  117 |                 m_el[0] = other.m_el[0];
      |                 ~~~~~~~~^~~~~~~~~~~~~~~
/home/viktor/.cache/physics-relation-20261005/deps/_deps/bullet-src/src/LinearMath/btAlignedObjectArray.h: In function ‘bool combined_translation_review::acceptedPhysicalBodies(const btAlignedObjectArray<btSolverConstraint*>&, const btAlignedObjectArray<btSolverBody>&, const btVectorXd&, btAlignedObjectArray<btSolverBody>&)’:
/home/viktor/.cache/physics-relation-20261005/deps/_deps/bullet-src/src/LinearMath/btAlignedObjectArray.h:499:23: note: ‘<anonymous>’ declared here
  499 |                 resize(otherSize);
      |                 ~~~~~~^~~~~~~~~~~
In copy constructor ‘btMatrix3x3::btMatrix3x3(const btMatrix3x3&)’,
    inlined from ‘btTransform::btTransform(const btTransform&)’ at /home/viktor/.cache/physics-relation-20261005/deps/_deps/bullet-src/src/LinearMath/btTransform.h:61:5,
    inlined from ‘btSolverBody::btSolverBody(const btSolverBody&)’ at /home/viktor/.cache/physics-relation-20261005/deps/_deps/bullet-src/src/BulletDynamics/ConstraintSolver/btSolverBody.h:104:1,
    inlined from ‘void btAlignedObjectArray<T>::resize(int, const T&) [with T = btSolverBody]’ at /home/viktor/.cache/physics-relation-20261005/deps/_deps/bullet-src/src/LinearMath/btAlignedObjectArray.h:223:5,
    inlined from ‘void btAlignedObjectArray<T>::copyFromArray(const btAlignedObjectArray<T>&) [with T = btSolverBody]’ at /home/viktor/.cache/physics-relation-20261005/deps/_deps/bullet-src/src/LinearMath/btAlignedObjectArray.h:499:9,
    inlined from ‘btAlignedObjectArray<T>& btAlignedObjectArray<T>::operator=(const btAlignedObjectArray<T>&) [with T = btSolverBody]’ at /home/viktor/.cache/physics-relation-20261005/deps/_deps/bullet-src/src/LinearMath/btAlignedObjectArray.h:59:16,
    inlined from ‘bool combined_translation_review::acceptedPhysicalBodies(const btAlignedObjectArray<btSolverConstraint*>&, const btAlignedObjectArray<btSolverBody>&, const btVectorXd&, btAlignedObjectArray<btSolverBody>&)’ at /home/viktor/.cache/vkf-physics-continuation/spatial_backend/translation_combined.h:50:9:
/home/viktor/.cache/physics-relation-20261005/deps/_deps/bullet-src/src/LinearMath/btMatrix3x3.h:118:25: warning: ‘<unnamed>.btSolverBody::m_worldTransform.btTransform::m_basis.btMatrix3x3::m_el[1]’ may be used uninitialized [-Wmaybe-uninitialized]
  118 |                 m_el[1] = other.m_el[1];
      |                 ~~~~~~~~^~~~~~~~~~~~~~~
/home/viktor/.cache/physics-relation-20261005/deps/_deps/bullet-src/src/LinearMath/btAlignedObjectArray.h: In function ‘bool combined_translation_review::acceptedPhysicalBodies(const btAlignedObjectArray<btSolverConstraint*>&, const btAlignedObjectArray<btSolverBody>&, const btVectorXd&, btAlignedObjectArray<btSolverBody>&)’:
/home/viktor/.cache/physics-relation-20261005/deps/_deps/bullet-src/src/LinearMath/btAlignedObjectArray.h:499:23: note: ‘<anonymous>’ declared here
  499 |                 resize(otherSize);
      |                 ~~~~~~^~~~~~~~~~~
In copy constructor ‘btMatrix3x3::btMatrix3x3(const btMatrix3x3&)’,
    inlined from ‘btTransform::btTransform(const btTransform&)’ at /home/viktor/.cache/physics-relation-20261005/deps/_deps/bullet-src/src/LinearMath/btTransform.h:61:5,
    inlined from ‘btSolverBody::btSolverBody(const btSolverBody&)’ at /home/viktor/.cache/physics-relation-20261005/deps/_deps/bullet-src/src/BulletDynamics/ConstraintSolver/btSolverBody.h:104:1,
    inlined from ‘void btAlignedObjectArray<T>::resize(int, const T&) [with T = btSolverBody]’ at /home/viktor/.cache/physics-relation-20261005/deps/_deps/bullet-src/src/LinearMath/btAlignedObjectArray.h:223:5,
    inlined from ‘void btAlignedObjectArray<T>::copyFromArray(const btAlignedObjectArray<T>&) [with T = btSolverBody]’ at /home/viktor/.cache/physics-relation-20261005/deps/_deps/bullet-src/src/LinearMath/btAlignedObjectArray.h:499:9,
    inlined from ‘btAlignedObjectArray<T>& btAlignedObjectArray<T>::operator=(const btAlignedObjectArray<T>&) [with T = btSolverBody]’ at /home/viktor/.cache/physics-relation-20261005/deps/_deps/bullet-src/src/LinearMath/btAlignedObjectArray.h:59:16,
    inlined from ‘bool combined_translation_review::acceptedPhysicalBodies(const btAlignedObjectArray<btSolverConstraint*>&, const btAlignedObjectArray<btSolverBody>&, const btVectorXd&, btAlignedObjectArray<btSolverBody>&)’ at /home/viktor/.cache/vkf-physics-continuation/spatial_backend/translation_combined.h:50:9:
/home/viktor/.cache/physics-relation-20261005/deps/_deps/bullet-src/src/LinearMath/btMatrix3x3.h:119:25: warning: ‘<unnamed>.btSolverBody::m_worldTransform.btTransform::m_basis.btMatrix3x3::m_el[2]’ may be used uninitialized [-Wmaybe-uninitialized]
  119 |                 m_el[2] = other.m_el[2];
      |                 ~~~~~~~~^~~~~~~~~~~~~~~
/home/viktor/.cache/physics-relation-20261005/deps/_deps/bullet-src/src/LinearMath/btAlignedObjectArray.h: In function ‘bool combined_translation_review::acceptedPhysicalBodies(const btAlignedObjectArray<btSolverConstraint*>&, const btAlignedObjectArray<btSolverBody>&, const btVectorXd&, btAlignedObjectArray<btSolverBody>&)’:
/home/viktor/.cache/physics-relation-20261005/deps/_deps/bullet-src/src/LinearMath/btAlignedObjectArray.h:499:23: note: ‘<anonymous>’ declared here
  499 |                 resize(otherSize);
      |                 ~~~~~~^~~~~~~~~~~
In copy constructor ‘btTransform::btTransform(const btTransform&)’,
    inlined from ‘btSolverBody::btSolverBody(const btSolverBody&)’ at /home/viktor/.cache/physics-relation-20261005/deps/_deps/bullet-src/src/BulletDynamics/ConstraintSolver/btSolverBody.h:104:1,
    inlined from ‘void btAlignedObjectArray<T>::resize(int, const T&) [with T = btSolverBody]’ at /home/viktor/.cache/physics-relation-20261005/deps/_deps/bullet-src/src/LinearMath/btAlignedObjectArray.h:223:5,
    inlined from ‘void btAlignedObjectArray<T>::copyFromArray(const btAlignedObjectArray<T>&) [with T = btSolverBody]’ at /home/viktor/.cache/physics-relation-20261005/deps/_deps/bullet-src/src/LinearMath/btAlignedObjectArray.h:499:9,
    inlined from ‘btAlignedObjectArray<T>& btAlignedObjectArray<T>::operator=(const btAlignedObjectArray<T>&) [with T = btSolverBody]’ at /home/viktor/.cache/physics-relation-20261005/deps/_deps/bullet-src/src/LinearMath/btAlignedObjectArray.h:59:16,
    inlined from ‘bool combined_translation_review::acceptedPhysicalBodies(const btAlignedObjectArray<btSolverConstraint*>&, const btAlignedObjectArray<btSolverBody>&, const btVectorXd&, btAlignedObjectArray<btSolverBody>&)’ at /home/viktor/.cache/vkf-physics-continuation/spatial_backend/translation_combined.h:50:9:
/home/viktor/.cache/physics-relation-20261005/deps/_deps/bullet-src/src/LinearMath/btTransform.h:62:19: warning: ‘<unnamed>.btSolverBody::m_worldTransform.btTransform::m_origin’ may be used uninitialized [-Wmaybe-uninitialized]
   62 |                   m_origin(other.m_origin)
      |                   ^~~~~~~~~~~~~~~~~~~~~~~~
/home/viktor/.cache/physics-relation-20261005/deps/_deps/bullet-src/src/LinearMath/btAlignedObjectArray.h: In function ‘bool combined_translation_review::acceptedPhysicalBodies(const btAlignedObjectArray<btSolverConstraint*>&, const btAlignedObjectArray<btSolverBody>&, const btVectorXd&, btAlignedObjectArray<btSolverBody>&)’:
/home/viktor/.cache/physics-relation-20261005/deps/_deps/bullet-src/src/LinearMath/btAlignedObjectArray.h:499:23: note: ‘<anonymous>’ declared here
  499 |                 resize(otherSize);
      |                 ~~~~~~^~~~~~~~~~~
In copy constructor ‘btSolverBody::btSolverBody(const btSolverBody&)’,
    inlined from ‘void btAlignedObjectArray<T>::resize(int, const T&) [with T = btSolverBody]’ at /home/viktor/.cache/physics-relation-20261005/deps/_deps/bullet-src/src/LinearMath/btAlignedObjectArray.h:223:5,
    inlined from ‘void btAlignedObjectArray<T>::copyFromArray(const btAlignedObjectArray<T>&) [with T = btSolverBody]’ at /home/viktor/.cache/physics-relation-20261005/deps/_deps/bullet-src/src/LinearMath/btAlignedObjectArray.h:499:9,
    inlined from ‘btAlignedObjectArray<T>& btAlignedObjectArray<T>::operator=(const btAlignedObjectArray<T>&) [with T = btSolverBody]’ at /home/viktor/.cache/physics-relation-20261005/deps/_deps/bullet-src/src/LinearMath/btAlignedObjectArray.h:59:16,
    inlined from ‘bool combined_translation_review::acceptedPhysicalBodies(const btAlignedObjectArray<btSolverConstraint*>&, const btAlignedObjectArray<btSolverBody>&, const btVectorXd&, btAlignedObjectArray<btSolverBody>&)’ at /home/viktor/.cache/vkf-physics-continuation/spatial_backend/translation_combined.h:50:9:
/home/viktor/.cache/physics-relation-20261005/deps/_deps/bullet-src/src/BulletDynamics/ConstraintSolver/btSolverBody.h:104:1: warning: ‘<unnamed>.btSolverBody::m_deltaLinearVelocity’ may be used uninitialized [-Wmaybe-uninitialized]
  104 | btSolverBody
      | ^~~~~~~~~~~~
/home/viktor/.cache/physics-relation-20261005/deps/_deps/bullet-src/src/LinearMath/btAlignedObjectArray.h: In function ‘bool combined_translation_review::acceptedPhysicalBodies(const btAlignedObjectArray<btSolverConstraint*>&, const btAlignedObjectArray<btSolverBody>&, const btVectorXd&, btAlignedObjectArray<btSolverBody>&)’:
/home/viktor/.cache/physics-relation-20261005/deps/_deps/bullet-src/src/LinearMath/btAlignedObjectArray.h:499:23: note: ‘<anonymous>’ declared here
  499 |                 resize(otherSize);
      |                 ~~~~~~^~~~~~~~~~~
In copy constructor ‘btSolverBody::btSolverBody(const btSolverBody&)’,
    inlined from ‘void btAlignedObjectArray<T>::resize(int, const T&) [with T = btSolverBody]’ at /home/viktor/.cache/physics-relation-20261005/deps/_deps/bullet-src/src/LinearMath/btAlignedObjectArray.h:223:5,
    inlined from ‘void btAlignedObjectArray<T>::copyFromArray(const btAlignedObjectArray<T>&) [with T = btSolverBody]’ at /home/viktor/.cache/physics-relation-20261005/deps/_deps/bullet-src/src/LinearMath/btAlignedObjectArray.h:499:9,
    inlined from ‘btAlignedObjectArray<T>& btAlignedObjectArray<T>::operator=(const btAlignedObjectArray<T>&) [with T = btSolverBody]’ at /home/viktor/.cache/physics-relation-20261005/deps/_deps/bullet-src/src/LinearMath/btAlignedObjectArray.h:59:16,
    inlined from ‘bool combined_translation_review::acceptedPhysicalBodies(const btAlignedObjectArray<btSolverConstraint*>&, const btAlignedObjectArray<btSolverBody>&, const btVectorXd&, btAlignedObjectArray<btSolverBody>&)’ at /home/viktor/.cache/vkf-physics-continuation/spatial_backend/translation_combined.h:50:9:
/home/viktor/.cache/physics-relation-20261005/deps/_deps/bullet-src/src/BulletDynamics/ConstraintSolver/btSolverBody.h:104:1: warning: ‘<unnamed>.btSolverBody::m_deltaAngularVelocity’ may be used uninitialized [-Wmaybe-uninitialized]
  104 | btSolverBody
      | ^~~~~~~~~~~~
/home/viktor/.cache/physics-relation-20261005/deps/_deps/bullet-src/src/LinearMath/btAlignedObjectArray.h: In function ‘bool combined_translation_review::acceptedPhysicalBodies(const btAlignedObjectArray<btSolverConstraint*>&, const btAlignedObjectArray<btSolverBody>&, const btVectorXd&, btAlignedObjectArray<btSolverBody>&)’:
/home/viktor/.cache/physics-relation-20261005/deps/_deps/bullet-src/src/LinearMath/btAlignedObjectArray.h:499:23: note: ‘<anonymous>’ declared here
  499 |                 resize(otherSize);
      |                 ~~~~~~^~~~~~~~~~~
In copy constructor ‘btSolverBody::btSolverBody(const btSolverBody&)’,
    inlined from ‘void btAlignedObjectArray<T>::resize(int, const T&) [with T = btSolverBody]’ at /home/viktor/.cache/physics-relation-20261005/deps/_deps/bullet-src/src/LinearMath/btAlignedObjectArray.h:223:5,
    inlined from ‘void btAlignedObjectArray<T>::copyFromArray(const btAlignedObjectArray<T>&) [with T = btSolverBody]’ at /home/viktor/.cache/physics-relation-20261005/deps/_deps/bullet-src/src/LinearMath/btAlignedObjectArray.h:499:9,
    inlined from ‘btAlignedObjectArray<T>& btAlignedObjectArray<T>::operator=(const btAlignedObjectArray<T>&) [with T = btSolverBody]’ at /home/viktor/.cache/physics-relation-20261005/deps/_deps/bullet-src/src/LinearMath/btAlignedObjectArray.h:59:16,
    inlined from ‘bool combined_translation_review::acceptedPhysicalBodies(const btAlignedObjectArray<btSolverConstraint*>&, const btAlignedObjectArray<btSolverBody>&, const btVectorXd&, btAlignedObjectArray<btSolverBody>&)’ at /home/viktor/.cache/vkf-physics-continuation/spatial_backend/translation_combined.h:50:9:
/home/viktor/.cache/physics-relation-20261005/deps/_deps/bullet-src/src/BulletDynamics/ConstraintSolver/btSolverBody.h:104:1: warning: ‘<unnamed>.btSolverBody::m_angularFactor’ may be used uninitialized [-Wmaybe-uninitialized]
  104 | btSolverBody
      | ^~~~~~~~~~~~
/home/viktor/.cache/physics-relation-20261005/deps/_deps/bullet-src/src/LinearMath/btAlignedObjectArray.h: In function ‘bool combined_translation_review::acceptedPhysicalBodies(const btAlignedObjectArray<btSolverConstraint*>&, const btAlignedObjectArray<btSolverBody>&, const btVectorXd&, btAlignedObjectArray<btSolverBody>&)’:
/home/viktor/.cache/physics-relation-20261005/deps/_deps/bullet-src/src/LinearMath/btAlignedObjectArray.h:499:23: note: ‘<anonymous>’ declared here
  499 |                 resize(otherSize);
      |                 ~~~~~~^~~~~~~~~~~
In copy constructor ‘btSolverBody::btSolverBody(const btSolverBody&)’,
    inlined from ‘void btAlignedObjectArray<T>::resize(int, const T&) [with T = btSolverBody]’ at /home/viktor/.cache/physics-relation-20261005/deps/_deps/bullet-src/src/LinearMath/btAlignedObjectArray.h:223:5,
    inlined from ‘void btAlignedObjectArray<T>::copyFromArray(const btAlignedObjectArray<T>&) [with T = btSolverBody]’ at /home/viktor/.cache/physics-relation-20261005/deps/_deps/bullet-src/src/LinearMath/btAlignedObjectArray.h:499:9,
    inlined from ‘btAlignedObjectArray<T>& btAlignedObjectArray<T>::operator=(const btAlignedObjectArray<T>&) [with T = btSolverBody]’ at /home/viktor/.cache/physics-relation-20261005/deps/_deps/bullet-src/src/LinearMath/btAlignedObjectArray.h:59:16,
    inlined from ‘bool combined_translation_review::acceptedPhysicalBodies(const btAlignedObjectArray<btSolverConstraint*>&, const btAlignedObjectArray<btSolverBody>&, const btVectorXd&, btAlignedObjectArray<btSolverBody>&)’ at /home/viktor/.cache/vkf-physics-continuation/spatial_backend/translation_combined.h:50:9:
/home/viktor/.cache/physics-relation-20261005/deps/_deps/bullet-src/src/BulletDynamics/ConstraintSolver/btSolverBody.h:104:1: warning: ‘<unnamed>.btSolverBody::m_linearFactor’ may be used uninitialized [-Wmaybe-uninitialized]
  104 | btSolverBody
      | ^~~~~~~~~~~~
/home/viktor/.cache/physics-relation-20261005/deps/_deps/bullet-src/src/LinearMath/btAlignedObjectArray.h: In function ‘bool combined_translation_review::acceptedPhysicalBodies(const btAlignedObjectArray<btSolverConstraint*>&, const btAlignedObjectArray<btSolverBody>&, const btVectorXd&, btAlignedObjectArray<btSolverBody>&)’:
/home/viktor/.cache/physics-relation-20261005/deps/_deps/bullet-src/src/LinearMath/btAlignedObjectArray.h:499:23: note: ‘<anonymous>’ declared here
  499 |                 resize(otherSize);
      |                 ~~~~~~^~~~~~~~~~~
In copy constructor ‘btSolverBody::btSolverBody(const btSolverBody&)’,
    inlined from ‘void btAlignedObjectArray<T>::resize(int, const T&) [with T = btSolverBody]’ at /home/viktor/.cache/physics-relation-20261005/deps/_deps/bullet-src/src/LinearMath/btAlignedObjectArray.h:223:5,
    inlined from ‘void btAlignedObjectArray<T>::copyFromArray(const btAlignedObjectArray<T>&) [with T = btSolverBody]’ at /home/viktor/.cache/physics-relation-20261005/deps/_deps/bullet-src/src/LinearMath/btAlignedObjectArray.h:499:9,
    inlined from ‘btAlignedObjectArray<T>& btAlignedObjectArray<T>::operator=(const btAlignedObjectArray<T>&) [with T = btSolverBody]’ at /home/viktor/.cache/physics-relation-20261005/deps/_deps/bullet-src/src/LinearMath/btAlignedObjectArray.h:59:16,
    inlined from ‘bool combined_translation_review::acceptedPhysicalBodies(const btAlignedObjectArray<btSolverConstraint*>&, const btAlignedObjectArray<btSolverBody>&, const btVectorXd&, btAlignedObjectArray<btSolverBody>&)’ at /home/viktor/.cache/vkf-physics-continuation/spatial_backend/translation_combined.h:50:9:
/home/viktor/.cache/physics-relation-20261005/deps/_deps/bullet-src/src/BulletDynamics/ConstraintSolver/btSolverBody.h:104:1: warning: ‘<unnamed>.btSolverBody::m_invMass’ may be used uninitialized [-Wmaybe-uninitialized]
  104 | btSolverBody
      | ^~~~~~~~~~~~
/home/viktor/.cache/physics-relation-20261005/deps/_deps/bullet-src/src/LinearMath/btAlignedObjectArray.h: In function ‘bool combined_translation_review::acceptedPhysicalBodies(const btAlignedObjectArray<btSolverConstraint*>&, const btAlignedObjectArray<btSolverBody>&, const btVectorXd&, btAlignedObjectArray<btSolverBody>&)’:
/home/viktor/.cache/physics-relation-20261005/deps/_deps/bullet-src/src/LinearMath/btAlignedObjectArray.h:499:23: note: ‘<anonymous>’ declared here
  499 |                 resize(otherSize);
      |                 ~~~~~~^~~~~~~~~~~
In copy constructor ‘btSolverBody::btSolverBody(const btSolverBody&)’,
    inlined from ‘void btAlignedObjectArray<T>::resize(int, const T&) [with T = btSolverBody]’ at /home/viktor/.cache/physics-relation-20261005/deps/_deps/bullet-src/src/LinearMath/btAlignedObjectArray.h:223:5,
    inlined from ‘void btAlignedObjectArray<T>::copyFromArray(const btAlignedObjectArray<T>&) [with T = btSolverBody]’ at /home/viktor/.cache/physics-relation-20261005/deps/_deps/bullet-src/src/LinearMath/btAlignedObjectArray.h:499:9,
    inlined from ‘btAlignedObjectArray<T>& btAlignedObjectArray<T>::operator=(const btAlignedObjectArray<T>&) [with T = btSolverBody]’ at /home/viktor/.cache/physics-relation-20261005/deps/_deps/bullet-src/src/LinearMath/btAlignedObjectArray.h:59:16,
    inlined from ‘bool combined_translation_review::acceptedPhysicalBodies(const btAlignedObjectArray<btSolverConstraint*>&, const btAlignedObjectArray<btSolverBody>&, const btVectorXd&, btAlignedObjectArray<btSolverBody>&)’ at /home/viktor/.cache/vkf-physics-continuation/spatial_backend/translation_combined.h:50:9:
/home/viktor/.cache/physics-relation-20261005/deps/_deps/bullet-src/src/BulletDynamics/ConstraintSolver/btSolverBody.h:104:1: warning: ‘<unnamed>.btSolverBody::m_pushVelocity’ may be used uninitialized [-Wmaybe-uninitialized]
  104 | btSolverBody
      | ^~~~~~~~~~~~
/home/viktor/.cache/physics-relation-20261005/deps/_deps/bullet-src/src/LinearMath/btAlignedObjectArray.h: In function ‘bool combined_translation_review::acceptedPhysicalBodies(const btAlignedObjectArray<btSolverConstraint*>&, const btAlignedObjectArray<btSolverBody>&, const btVectorXd&, btAlignedObjectArray<btSolverBody>&)’:
/home/viktor/.cache/physics-relation-20261005/deps/_deps/bullet-src/src/LinearMath/btAlignedObjectArray.h:499:23: note: ‘<anonymous>’ declared here
  499 |                 resize(otherSize);
      |                 ~~~~~~^~~~~~~~~~~
In copy constructor ‘btSolverBody::btSolverBody(const btSolverBody&)’,
    inlined from ‘void btAlignedObjectArray<T>::resize(int, const T&) [with T = btSolverBody]’ at /home/viktor/.cache/physics-relation-20261005/deps/_deps/bullet-src/src/LinearMath/btAlignedObjectArray.h:223:5,
    inlined from ‘void btAlignedObjectArray<T>::copyFromArray(const btAlignedObjectArray<T>&) [with T = btSolverBody]’ at /home/viktor/.cache/physics-relation-20261005/deps/_deps/bullet-src/src/LinearMath/btAlignedObjectArray.h:499:9,
    inlined from ‘btAlignedObjectArray<T>& btAlignedObjectArray<T>::operator=(const btAlignedObjectArray<T>&) [with T = btSolverBody]’ at /home/viktor/.cache/physics-relation-20261005/deps/_deps/bullet-src/src/LinearMath/btAlignedObjectArray.h:59:16,
    inlined from ‘bool combined_translation_review::acceptedPhysicalBodies(const btAlignedObjectArray<btSolverConstraint*>&, const btAlignedObjectArray<btSolverBody>&, const btVectorXd&, btAlignedObjectArray<btSolverBody>&)’ at /home/viktor/.cache/vkf-physics-continuation/spatial_backend/translation_combined.h:50:9:
/home/viktor/.cache/physics-relation-20261005/deps/_deps/bullet-src/src/BulletDynamics/ConstraintSolver/btSolverBody.h:104:1: warning: ‘<unnamed>.btSolverBody::m_turnVelocity’ may be used uninitialized [-Wmaybe-uninitialized]
  104 | btSolverBody
      | ^~~~~~~~~~~~
/home/viktor/.cache/physics-relation-20261005/deps/_deps/bullet-src/src/LinearMath/btAlignedObjectArray.h: In function ‘bool combined_translation_review::acceptedPhysicalBodies(const btAlignedObjectArray<btSolverConstraint*>&, const btAlignedObjectArray<btSolverBody>&, const btVectorXd&, btAlignedObjectArray<btSolverBody>&)’:
/home/viktor/.cache/physics-relation-20261005/deps/_deps/bullet-src/src/LinearMath/btAlignedObjectArray.h:499:23: note: ‘<anonymous>’ declared here
  499 |                 resize(otherSize);
      |                 ~~~~~~^~~~~~~~~~~
In copy constructor ‘btSolverBody::btSolverBody(const btSolverBody&)’,
    inlined from ‘void btAlignedObjectArray<T>::resize(int, const T&) [with T = btSolverBody]’ at /home/viktor/.cache/physics-relation-20261005/deps/_deps/bullet-src/src/LinearMath/btAlignedObjectArray.h:223:5,
    inlined from ‘void btAlignedObjectArray<T>::copyFromArray(const btAlignedObjectArray<T>&) [with T = btSolverBody]’ at /home/viktor/.cache/physics-relation-20261005/deps/_deps/bullet-src/src/LinearMath/btAlignedObjectArray.h:499:9,
    inlined from ‘btAlignedObjectArray<T>& btAlignedObjectArray<T>::operator=(const btAlignedObjectArray<T>&) [with T = btSolverBody]’ at /home/viktor/.cache/physics-relation-20261005/deps/_deps/bullet-src/src/LinearMath/btAlignedObjectArray.h:59:16,
    inlined from ‘bool combined_translation_review::acceptedPhysicalBodies(const btAlignedObjectArray<btSolverConstraint*>&, const btAlignedObjectArray<btSolverBody>&, const btVectorXd&, btAlignedObjectArray<btSolverBody>&)’ at /home/viktor/.cache/vkf-physics-continuation/spatial_backend/translation_combined.h:50:9:
/home/viktor/.cache/physics-relation-20261005/deps/_deps/bullet-src/src/BulletDynamics/ConstraintSolver/btSolverBody.h:104:1: warning: ‘<unnamed>.btSolverBody::m_linearVelocity’ may be used uninitialized [-Wmaybe-uninitialized]
  104 | btSolverBody
      | ^~~~~~~~~~~~
/home/viktor/.cache/physics-relation-20261005/deps/_deps/bullet-src/src/LinearMath/btAlignedObjectArray.h: In function ‘bool combined_translation_review::acceptedPhysicalBodies(const btAlignedObjectArray<btSolverConstraint*>&, const btAlignedObjectArray<btSolverBody>&, const btVectorXd&, btAlignedObjectArray<btSolverBody>&)’:
/home/viktor/.cache/physics-relation-20261005/deps/_deps/bullet-src/src/LinearMath/btAlignedObjectArray.h:499:23: note: ‘<anonymous>’ declared here
  499 |                 resize(otherSize);
      |                 ~~~~~~^~~~~~~~~~~
In copy constructor ‘btSolverBody::btSolverBody(const btSolverBody&)’,
    inlined from ‘void btAlignedObjectArray<T>::resize(int, const T&) [with T = btSolverBody]’ at /home/viktor/.cache/physics-relation-20261005/deps/_deps/bullet-src/src/LinearMath/btAlignedObjectArray.h:223:5,
    inlined from ‘void btAlignedObjectArray<T>::copyFromArray(const btAlignedObjectArray<T>&) [with T = btSolverBody]’ at /home/viktor/.cache/physics-relation-20261005/deps/_deps/bullet-src/src/LinearMath/btAlignedObjectArray.h:499:9,
    inlined from ‘btAlignedObjectArray<T>& btAlignedObjectArray<T>::operator=(const btAlignedObjectArray<T>&) [with T = btSolverBody]’ at /home/viktor/.cache/physics-relation-20261005/deps/_deps/bullet-src/src/LinearMath/btAlignedObjectArray.h:59:16,
    inlined from ‘bool combined_translation_review::acceptedPhysicalBodies(const btAlignedObjectArray<btSolverConstraint*>&, const btAlignedObjectArray<btSolverBody>&, const btVectorXd&, btAlignedObjectArray<btSolverBody>&)’ at /home/viktor/.cache/vkf-physics-continuation/spatial_backend/translation_combined.h:50:9:
/home/viktor/.cache/physics-relation-20261005/deps/_deps/bullet-src/src/BulletDynamics/ConstraintSolver/btSolverBody.h:104:1: warning: ‘<unnamed>.btSolverBody::m_angularVelocity’ may be used uninitialized [-Wmaybe-uninitialized]
  104 | btSolverBody
      | ^~~~~~~~~~~~
/home/viktor/.cache/physics-relation-20261005/deps/_deps/bullet-src/src/LinearMath/btAlignedObjectArray.h: In function ‘bool combined_translation_review::acceptedPhysicalBodies(const btAlignedObjectArray<btSolverConstraint*>&, const btAlignedObjectArray<btSolverBody>&, const btVectorXd&, btAlignedObjectArray<btSolverBody>&)’:
/home/viktor/.cache/physics-relation-20261005/deps/_deps/bullet-src/src/LinearMath/btAlignedObjectArray.h:499:23: note: ‘<anonymous>’ declared here
  499 |                 resize(otherSize);
      |                 ~~~~~~^~~~~~~~~~~
In copy constructor ‘btSolverBody::btSolverBody(const btSolverBody&)’,
    inlined from ‘void btAlignedObjectArray<T>::resize(int, const T&) [with T = btSolverBody]’ at /home/viktor/.cache/physics-relation-20261005/deps/_deps/bullet-src/src/LinearMath/btAlignedObjectArray.h:223:5,
    inlined from ‘void btAlignedObjectArray<T>::copyFromArray(const btAlignedObjectArray<T>&) [with T = btSolverBody]’ at /home/viktor/.cache/physics-relation-20261005/deps/_deps/bullet-src/src/LinearMath/btAlignedObjectArray.h:499:9,
    inlined from ‘btAlignedObjectArray<T>& btAlignedObjectArray<T>::operator=(const btAlignedObjectArray<T>&) [with T = btSolverBody]’ at /home/viktor/.cache/physics-relation-20261005/deps/_deps/bullet-src/src/LinearMath/btAlignedObjectArray.h:59:16,
    inlined from ‘bool combined_translation_review::acceptedPhysicalBodies(const btAlignedObjectArray<btSolverConstraint*>&, const btAlignedObjectArray<btSolverBody>&, const btVectorXd&, btAlignedObjectArray<btSolverBody>&)’ at /home/viktor/.cache/vkf-physics-continuation/spatial_backend/translation_combined.h:50:9:
/home/viktor/.cache/physics-relation-20261005/deps/_deps/bullet-src/src/BulletDynamics/ConstraintSolver/btSolverBody.h:104:1: warning: ‘<unnamed>.btSolverBody::m_externalForceImpulse’ may be used uninitialized [-Wmaybe-uninitialized]
  104 | btSolverBody
      | ^~~~~~~~~~~~
/home/viktor/.cache/physics-relation-20261005/deps/_deps/bullet-src/src/LinearMath/btAlignedObjectArray.h: In function ‘bool combined_translation_review::acceptedPhysicalBodies(const btAlignedObjectArray<btSolverConstraint*>&, const btAlignedObjectArray<btSolverBody>&, const btVectorXd&, btAlignedObjectArray<btSolverBody>&)’:
/home/viktor/.cache/physics-relation-20261005/deps/_deps/bullet-src/src/LinearMath/btAlignedObjectArray.h:499:23: note: ‘<anonymous>’ declared here
  499 |                 resize(otherSize);
      |                 ~~~~~~^~~~~~~~~~~
In copy constructor ‘btSolverBody::btSolverBody(const btSolverBody&)’,
    inlined from ‘void btAlignedObjectArray<T>::resize(int, const T&) [with T = btSolverBody]’ at /home/viktor/.cache/physics-relation-20261005/deps/_deps/bullet-src/src/LinearMath/btAlignedObjectArray.h:223:5,
    inlined from ‘void btAlignedObjectArray<T>::copyFromArray(const btAlignedObjectArray<T>&) [with T = btSolverBody]’ at /home/viktor/.cache/physics-relation-20261005/deps/_deps/bullet-src/src/LinearMath/btAlignedObjectArray.h:499:9,
    inlined from ‘btAlignedObjectArray<T>& btAlignedObjectArray<T>::operator=(const btAlignedObjectArray<T>&) [with T = btSolverBody]’ at /home/viktor/.cache/physics-relation-20261005/deps/_deps/bullet-src/src/LinearMath/btAlignedObjectArray.h:59:16,
    inlined from ‘bool combined_translation_review::acceptedPhysicalBodies(const btAlignedObjectArray<btSolverConstraint*>&, const btAlignedObjectArray<btSolverBody>&, const btVectorXd&, btAlignedObjectArray<btSolverBody>&)’ at /home/viktor/.cache/vkf-physics-continuation/spatial_backend/translation_combined.h:50:9:
/home/viktor/.cache/physics-relation-20261005/deps/_deps/bullet-src/src/BulletDynamics/ConstraintSolver/btSolverBody.h:104:1: warning: ‘<unnamed>.btSolverBody::m_externalTorqueImpulse’ may be used uninitialized [-Wmaybe-uninitialized]
  104 | btSolverBody
      | ^~~~~~~~~~~~
/home/viktor/.cache/physics-relation-20261005/deps/_deps/bullet-src/src/LinearMath/btAlignedObjectArray.h: In function ‘bool combined_translation_review::acceptedPhysicalBodies(const btAlignedObjectArray<btSolverConstraint*>&, const btAlignedObjectArray<btSolverBody>&, const btVectorXd&, btAlignedObjectArray<btSolverBody>&)’:
/home/viktor/.cache/physics-relation-20261005/deps/_deps/bullet-src/src/LinearMath/btAlignedObjectArray.h:499:23: note: ‘<anonymous>’ declared here
  499 |                 resize(otherSize);
      |                 ~~~~~~^~~~~~~~~~~
[ 88%] Linking CXX executable spatial_friction_checks
[ 88%] Built target spatial_friction_checks
[ 89%] Building CXX object CMakeFiles/spatial_coulomb_replay.dir/coulomb_replay.cpp.o
[ 90%] Linking CXX executable spatial_runner
[ 90%] Built target spatial_runner
[ 91%] Built target shared_contact_checks
[ 92%] Built target translation_split_checks
[ 93%] Built target translation_combined_checks
[ 93%] Building CXX object CMakeFiles/coulomb_early_checks.dir/coulomb_early_checks.cpp.o
[ 93%] Linking CXX executable spatial_coulomb_replay
[ 93%] Built target spatial_coulomb_replay
[ 94%] Built target active_contact_checks
[ 95%] Built target normal_null_checks
[ 96%] Built target projection_tail_checks
[ 97%] Built target coulomb_restart_checks
[ 98%] Built target support_restart_checks
[ 98%] Building CXX object CMakeFiles/spatial_null_traction_replay.dir/null_traction_replay.cpp.o
[ 98%] Linking CXX executable coulomb_early_checks
[ 98%] Built target coulomb_early_checks
[ 99%] Built target spatial_position_replay
[100%] Linking CXX executable spatial_null_traction_replay
[100%] Built target spatial_null_traction_replay
