{"cases": 1500, "sliding_cases": 910, "max_scaled_frozen_difference": 6.661338147750939e-16, "independent_optimizer_cases": 141, "independent_optimizer_max_impulse_error": 5.551115123125783e-17}
{"modes": 1, "scenario": "stick", "count": 100, "median_ms": {"frozen": 6.256930995732546, "candidate_cold": 4.940543993143365, "candidate_hint": 5.0818359886761755}, "speedup_hint": 1.2312343431930561}
{"modes": 1, "scenario": "stick", "count": 1000, "median_ms": {"frozen": 62.61209800140932, "candidate_cold": 49.17230398859829, "candidate_hint": 50.37740000989288}, "speedup_hint": 1.2428608461157948}
{"modes": 1, "scenario": "stick", "count": 10000, "median_ms": {"frozen": 654.450875998009, "candidate_cold": 517.7149809896946, "candidate_hint": 530.7628599985037}, "speedup_hint": 1.233038189597241}
{"modes": 1, "scenario": "coherent_slide", "count": 100, "median_ms": {"frozen": 11.191614990821108, "candidate_cold": 8.872334990883246, "candidate_hint": 9.035345981828868}, "speedup_hint": 1.2386481949145884}
{"modes": 1, "scenario": "coherent_slide", "count": 1000, "median_ms": {"frozen": 111.66878099902533, "candidate_cold": 88.23507899069227, "candidate_hint": 90.38046599016525}, "speedup_hint": 1.2355411069818623}
{"modes": 1, "scenario": "coherent_slide", "count": 10000, "median_ms": {"frozen": 1116.2270050263032, "candidate_cold": 881.5873370040208, "candidate_hint": 903.6921220249496}, "speedup_hint": 1.235185056748216}
{"modes": 1, "scenario": "reversing_slide", "count": 100, "median_ms": {"frozen": 15.614592004567385, "candidate_cold": 8.880343986675143, "candidate_hint": 11.611969996010885}, "speedup_hint": 1.3446979289415613}
{"modes": 1, "scenario": "reversing_slide", "count": 1000, "median_ms": {"frozen": 155.65064799739048, "candidate_cold": 88.41251098783687, "candidate_hint": 115.88372499682009}, "speedup_hint": 1.343162277547271}
{"modes": 1, "scenario": "reversing_slide", "count": 10000, "median_ms": {"frozen": 1554.399019019911, "candidate_cold": 884.5792950014584, "candidate_hint": 1157.4593660188839}, "speedup_hint": 1.3429404648271266}
{"modes": 1, "scenario": "coherent_upper", "count": 100, "median_ms": {"frozen": 19.077796023339033, "candidate_cold": 8.496628986904398, "candidate_hint": 8.617220999440178}, "speedup_hint": 2.2139151386019265}
{"modes": 1, "scenario": "coherent_upper", "count": 1000, "median_ms": {"frozen": 189.70408799941652, "candidate_cold": 84.7413029987365, "candidate_hint": 86.45445498405024}, "speedup_hint": 2.1942661952401936}
{"modes": 1, "scenario": "coherent_upper", "count": 10000, "median_ms": {"frozen": 1879.5959160197526, "candidate_cold": 841.9538360030856, "candidate_hint": 859.6138930006418}, "speedup_hint": 2.186558327319111}
{"modes": 1, "scenario": "coherent_mixed", "count": 100, "median_ms": {"frozen": 19.835075014270842, "candidate_cold": 8.908145013265312, "candidate_hint": 9.129617974394932}, "speedup_hint": 2.172607339091362}
{"modes": 1, "scenario": "coherent_mixed", "count": 1000, "median_ms": {"frozen": 198.7328839895781, "candidate_cold": 88.5882529837545, "candidate_hint": 90.53202898940071}, "speedup_hint": 2.195166574835579}
{"modes": 1, "scenario": "coherent_mixed", "count": 10000, "median_ms": {"frozen": 1902.256587985903, "candidate_cold": 844.5247079944238, "candidate_hint": 863.6229849944357}, "speedup_hint": 2.202647012687092}
{"modes": 2, "scenario": "stick", "count": 100, "median_ms": {"frozen": 6.3395610195584595, "candidate_cold": 5.0180940015707165, "candidate_hint": 5.135237006470561}, "speedup_hint": 1.2345216027167611}
{"modes": 2, "scenario": "stick", "count": 1000, "median_ms": {"frozen": 65.96780198742636, "candidate_cold": 52.658089000033215, "candidate_hint": 53.16067600506358}, "speedup_hint": 1.2409135275319465}
{"modes": 2, "scenario": "stick", "count": 10000, "median_ms": {"frozen": 664.8838699911721, "candidate_cold": 518.4268000011798, "candidate_hint": 514.7230319853406}, "speedup_hint": 1.2917313364172678}
{"modes": 2, "scenario": "coherent_slide", "count": 100, "median_ms": {"frozen": 11.02457198430784, "candidate_cold": 8.755972987273708, "candidate_hint": 9.020686993608251}, "speedup_hint": 1.2221432793444085}
{"modes": 2, "scenario": "coherent_slide", "count": 1000, "median_ms": {"frozen": 110.0102299824357, "candidate_cold": 87.8232340037357, "candidate_hint": 90.11351299704984}, "speedup_hint": 1.2207961528038225}
{"modes": 2, "scenario": "coherent_slide", "count": 10000, "median_ms": {"frozen": 1118.631834979169, "candidate_cold": 884.7636379941832, "candidate_hint": 932.6297449879348}, "speedup_hint": 1.1994382990579402}
{"modes": 2, "scenario": "reversing_slide", "count": 100, "median_ms": {"frozen": 29.647963005118072, "candidate_cold": 9.037465992150828, "candidate_hint": 11.838573002023622}, "speedup_hint": 2.5043527627907696}
{"modes": 2, "scenario": "reversing_slide", "count": 1000, "median_ms": {"frozen": 287.2608570032753, "candidate_cold": 87.59638998890296, "candidate_hint": 114.49374799849465}, "speedup_hint": 2.508965441563256}
{"modes": 2, "scenario": "reversing_slide", "count": 10000, "median_ms": {"frozen": 2870.6072040076833, "candidate_cold": 877.4573130067438, "candidate_hint": 1146.6569379845168}, "speedup_hint": 2.503457755249238}
{"modes": 2, "scenario": "coherent_upper", "count": 100, "median_ms": {"frozen": 45.91527298907749, "candidate_cold": 8.731551992241293, "candidate_hint": 8.939246006775647}, "speedup_hint": 5.136369773723115}
{"modes": 2, "scenario": "coherent_upper", "count": 1000, "median_ms": {"frozen": 458.3974360139109, "candidate_cold": 87.25191600387916, "candidate_hint": 89.40864400938153}, "speedup_hint": 5.126992374090942}
{"modes": 2, "scenario": "coherent_upper", "count": 10000, "median_ms": {"frozen": 4674.498343025334, "candidate_cold": 881.0622999735642, "candidate_hint": 904.3672110128682}, "speedup_hint": 5.168805642334174}
{"modes": 2, "scenario": "coherent_mixed", "count": 100, "median_ms": {"frozen": 38.897471997188404, "candidate_cold": 8.79960402380675, "candidate_hint": 9.07596800243482}, "speedup_hint": 4.285765660120588}
{"modes": 2, "scenario": "coherent_mixed", "count": 1000, "median_ms": {"frozen": 396.0521510161925, "candidate_cold": 90.97657399252057, "candidate_hint": 93.4277159976773}, "speedup_hint": 4.239129114812554}
{"modes": 2, "scenario": "coherent_mixed", "count": 10000, "median_ms": {"frozen": 3803.836646984564, "candidate_cold": 864.5356770139188, "candidate_hint": 890.0278660003096}, "speedup_hint": 4.273839946246404}
{"modes": 3, "scenario": "stick", "count": 100, "median_ms": {"frozen": 6.49857398821041, "candidate_cold": 5.217186990194023, "candidate_hint": 5.332128988811746}, "speedup_hint": 1.2187578361000235}
{"modes": 3, "scenario": "stick", "count": 1000, "median_ms": {"frozen": 64.40589201520197, "candidate_cold": 51.44510400714353, "candidate_hint": 52.73518100148067}, "speedup_hint": 1.2213078781960305}
{"modes": 3, "scenario": "stick", "count": 10000, "median_ms": {"frozen": 644.2755949974526, "candidate_cold": 515.9897679986898, "candidate_hint": 527.7526199934073}, "speedup_hint": 1.2207908982157225}
{"modes": 3, "scenario": "coherent_slide", "count": 100, "median_ms": {"frozen": 11.09654302126728, "candidate_cold": 8.866904012393206, "candidate_hint": 9.063876990694553}, "speedup_hint": 1.2242601077507527}
{"modes": 3, "scenario": "coherent_slide", "count": 1000, "median_ms": {"frozen": 110.86935101775452, "candidate_cold": 88.43840099871159, "candidate_hint": 90.79325199127197}, "speedup_hint": 1.2211188451363377}
{"modes": 3, "scenario": "coherent_slide", "count": 10000, "median_ms": {"frozen": 1106.4505190006457, "candidate_cold": 882.0693519955967, "candidate_hint": 911.7184850038029}, "speedup_hint": 1.2135878971413314}
{"modes": 3, "scenario": "reversing_slide", "count": 100, "median_ms": {"frozen": 70.59034099802375, "candidate_cold": 8.845684002153575, "candidate_hint": 11.585019994527102}, "speedup_hint": 6.093242914675283}
{"modes": 3, "scenario": "reversing_slide", "count": 1000, "median_ms": {"frozen": 706.7731099959929, "candidate_cold": 88.48974198917858, "candidate_hint": 115.82659499254078}, "speedup_hint": 6.101993329265261}
{"modes": 3, "scenario": "reversing_slide", "count": 10000, "median_ms": {"frozen": 7147.805401007645, "candidate_cold": 895.5089960072655, "candidate_hint": 1165.9115260117687}, "speedup_hint": 6.130658494695672}
{"modes": 3, "scenario": "coherent_upper", "count": 100, "median_ms": {"frozen": 129.72376399557106, "candidate_cold": 8.905904978746548, "candidate_hint": 9.106766985496506}, "speedup_hint": 14.244765919910979}
{"modes": 3, "scenario": "coherent_upper", "count": 1000, "median_ms": {"frozen": 1333.6017700203229, "candidate_cold": 89.49798499816097, "candidate_hint": 92.13299900875427}, "speedup_hint": 14.474746121024532}
{"modes": 3, "scenario": "coherent_upper", "count": 10000, "median_ms": {"frozen": 13377.518052991945, "candidate_cold": 898.1298800208606, "candidate_hint": 918.9023780054413}, "speedup_hint": 14.55814934555837}
{"modes": 3, "scenario": "coherent_mixed", "count": 100, "median_ms": {"frozen": 103.99300200515427, "candidate_cold": 8.903314999770373, "candidate_hint": 9.143647999735549}, "speedup_hint": 11.37325080844778}
{"modes": 3, "scenario": "coherent_mixed", "count": 1000, "median_ms": {"frozen": 1038.8858569785953, "candidate_cold": 88.96797898341902, "candidate_hint": 91.17486601462588}, "speedup_hint": 11.394432505247023}
{"modes": 3, "scenario": "coherent_mixed", "count": 10000, "median_ms": {"frozen": 10560.145644994918, "candidate_cold": 891.455123986816, "candidate_hint": 916.6403589770198}, "speedup_hint": 11.520489515408366}
