{"cases": 1500, "sliding_cases": 910, "max_scaled_frozen_difference": 2.168404344971009e-19, "independent_optimizer_cases": 141, "independent_optimizer_max_impulse_error": 5.551115123125783e-17}
{"modes": 1, "scenario": "stick", "count": 100, "median_ms": {"frozen": 6.298271007835865, "candidate_cold": 5.936964997090399, "candidate_hint": 5.993766011670232}, "speedup_hint": 1.050803617554096}
{"modes": 1, "scenario": "stick", "count": 1000, "median_ms": {"frozen": 63.16194299142808, "candidate_cold": 59.641661995556206, "candidate_hint": 60.01186798675917}, "speedup_hint": 1.052490867395828}
{"modes": 1, "scenario": "stick", "count": 10000, "median_ms": {"frozen": 626.2921310262755, "candidate_cold": 586.3345900143031, "candidate_hint": 591.3867530180141}, "speedup_hint": 1.059022928447635}
{"modes": 1, "scenario": "coherent_slide", "count": 100, "median_ms": {"frozen": 10.602451977320015, "candidate_cold": 9.609947010176256, "candidate_hint": 9.796100988751277}, "speedup_hint": 1.0823134622126354}
{"modes": 1, "scenario": "coherent_slide", "count": 1000, "median_ms": {"frozen": 105.83558300277218, "candidate_cold": 95.70374700706452, "candidate_hint": 97.64231601729989}, "speedup_hint": 1.0839110266907295}
{"modes": 1, "scenario": "coherent_slide", "count": 10000, "median_ms": {"frozen": 1058.4609679935966, "candidate_cold": 959.2840510013048, "candidate_hint": 979.5066600199789}, "speedup_hint": 1.0806061981977817}
{"modes": 1, "scenario": "reversing_slide", "count": 100, "median_ms": {"frozen": 14.944354014005512, "candidate_cold": 9.791619988391176, "candidate_hint": 12.3813170066569}, "speedup_hint": 1.2070084310070228}
{"modes": 1, "scenario": "reversing_slide", "count": 1000, "median_ms": {"frozen": 149.591427994892, "candidate_cold": 97.71598700899631, "candidate_hint": 123.8899809832219}, "speedup_hint": 1.2074537973748722}
{"modes": 1, "scenario": "reversing_slide", "count": 10000, "median_ms": {"frozen": 1491.8357220012695, "candidate_cold": 979.3501280073542, "candidate_hint": 1242.5120880070608}, "speedup_hint": 1.2006609323166535}
{"modes": 1, "scenario": "coherent_upper", "count": 100, "median_ms": {"frozen": 18.854438996640965, "candidate_cold": 9.682157979113981, "candidate_hint": 9.901871992042288}, "speedup_hint": 1.9041287356364003}
{"modes": 1, "scenario": "coherent_upper", "count": 1000, "median_ms": {"frozen": 190.900318993954, "candidate_cold": 97.5293540104758, "candidate_hint": 99.44206097861752}, "speedup_hint": 1.9197140235760222}
{"modes": 1, "scenario": "coherent_upper", "count": 10000, "median_ms": {"frozen": 1875.6657189805992, "candidate_cold": 960.8323029824533, "candidate_hint": 980.7573970174417}, "speedup_hint": 1.9124665535887286}
{"modes": 1, "scenario": "coherent_mixed", "count": 100, "median_ms": {"frozen": 18.75024801120162, "candidate_cold": 9.62840800639242, "candidate_hint": 9.815730998525396}, "speedup_hint": 1.9102243138099897}
{"modes": 1, "scenario": "coherent_mixed", "count": 1000, "median_ms": {"frozen": 187.1841849933844, "candidate_cold": 95.46612499980256, "candidate_hint": 97.49574298621155}, "speedup_hint": 1.9199216218071915}
{"modes": 1, "scenario": "coherent_mixed", "count": 10000, "median_ms": {"frozen": 1920.7608530123252, "candidate_cold": 977.8029450098984, "candidate_hint": 992.7673289785162}, "speedup_hint": 1.9347542943306217}
{"modes": 2, "scenario": "stick", "count": 100, "median_ms": {"frozen": 6.400641024811193, "candidate_cold": 6.03194601717405, "candidate_hint": 6.093496980611235}, "speedup_hint": 1.0504052180836805}
{"modes": 2, "scenario": "stick", "count": 1000, "median_ms": {"frozen": 64.1107659903355, "candidate_cold": 60.16958999680355, "candidate_hint": 60.742388013750315}, "speedup_hint": 1.0554534993886424}
{"modes": 2, "scenario": "stick", "count": 10000, "median_ms": {"frozen": 645.4681750037707, "candidate_cold": 625.4173589986749, "candidate_hint": 625.1474549935665}, "speedup_hint": 1.0325054830630533}
{"modes": 2, "scenario": "coherent_slide", "count": 100, "median_ms": {"frozen": 10.977066995110363, "candidate_cold": 10.000623005907983, "candidate_hint": 10.211605986114591}, "speedup_hint": 1.0749599044495666}
{"modes": 2, "scenario": "coherent_slide", "count": 1000, "median_ms": {"frozen": 114.27087397896685, "candidate_cold": 104.01724698022008, "candidate_hint": 106.46783199626952}, "speedup_hint": 1.0732901369022967}
{"modes": 2, "scenario": "coherent_slide", "count": 10000, "median_ms": {"frozen": 1112.769783998374, "candidate_cold": 1009.9257240071893, "candidate_hint": 1043.2402509904932}, "speedup_hint": 1.066647670986493}
{"modes": 2, "scenario": "reversing_slide", "count": 100, "median_ms": {"frozen": 28.87694298988208, "candidate_cold": 10.018783010309562, "candidate_hint": 12.700341001618654}, "speedup_hint": 2.2737139881678554}
{"modes": 2, "scenario": "reversing_slide", "count": 1000, "median_ms": {"frozen": 291.5655070100911, "candidate_cold": 100.73892000946216, "candidate_hint": 128.20914198528044}, "speedup_hint": 2.2741397570819517}
{"modes": 2, "scenario": "reversing_slide", "count": 10000, "median_ms": {"frozen": 2919.030210992787, "candidate_cold": 1001.4160830178298, "candidate_hint": 1282.9113670159131}, "speedup_hint": 2.2753171310521094}
{"modes": 2, "scenario": "coherent_upper", "count": 100, "median_ms": {"frozen": 48.61235499265604, "candidate_cold": 10.445449996041134, "candidate_hint": 10.719434008933604}, "speedup_hint": 4.534974043605509}
{"modes": 2, "scenario": "coherent_upper", "count": 1000, "median_ms": {"frozen": 473.51655800594017, "candidate_cold": 101.48308100178838, "candidate_hint": 103.84921400691383}, "speedup_hint": 4.559654712210104}
{"modes": 2, "scenario": "coherent_upper", "count": 10000, "median_ms": {"frozen": 4743.741511018015, "candidate_cold": 1018.0500810092781, "candidate_hint": 1035.8783259871416}, "speedup_hint": 4.5794389090026195}
{"modes": 2, "scenario": "coherent_mixed", "count": 100, "median_ms": {"frozen": 38.35493899532594, "candidate_cold": 10.038492997409776, "candidate_hint": 10.237955983029678}, "speedup_hint": 3.746347323518743}
{"modes": 2, "scenario": "coherent_mixed", "count": 1000, "median_ms": {"frozen": 384.8816200043075, "candidate_cold": 100.10902100475505, "candidate_hint": 103.17133498028852}, "speedup_hint": 3.730509255093397}
{"modes": 2, "scenario": "coherent_mixed", "count": 10000, "median_ms": {"frozen": 3906.2700110080186, "candidate_cold": 1023.9154339942615, "candidate_hint": 1061.9397980044596}, "speedup_hint": 3.678428869836569}
{"modes": 2, "scenario": "coupled_face", "count": 100, "median_ms": {"frozen": 16.621537011815235, "candidate_cold": 15.533241996308789, "candidate_hint": 10.759104014141485}, "speedup_hint": 1.5448811527398862}
{"modes": 2, "scenario": "coupled_face", "count": 1000, "median_ms": {"frozen": 166.33854698739015, "candidate_cold": 154.9072750203777, "candidate_hint": 107.36560399527662}, "speedup_hint": 1.5492722137967756}
{"modes": 2, "scenario": "coupled_face", "count": 10000, "median_ms": {"frozen": 1708.8902149989735, "candidate_cold": 1582.981835003011, "candidate_hint": 1097.781849995954}, "speedup_hint": 1.5566755954338942}
{"modes": 3, "scenario": "stick", "count": 100, "median_ms": {"frozen": 6.3611509976908565, "candidate_cold": 5.994385981466621, "candidate_hint": 6.031375989550725}, "speedup_hint": 1.0546765793927393}
{"modes": 3, "scenario": "stick", "count": 1000, "median_ms": {"frozen": 63.393176009412855, "candidate_cold": 59.77959398296662, "candidate_hint": 60.03746800706722}, "speedup_hint": 1.0558935630321822}
{"modes": 3, "scenario": "stick", "count": 10000, "median_ms": {"frozen": 636.7601110250689, "candidate_cold": 597.5141899834853, "candidate_hint": 600.1616580178961}, "speedup_hint": 1.0609809915682442}
{"modes": 3, "scenario": "coherent_slide", "count": 100, "median_ms": {"frozen": 11.190849996637553, "candidate_cold": 10.156084987102076, "candidate_hint": 10.342388006392866}, "speedup_hint": 1.082037338931805}
{"modes": 3, "scenario": "coherent_slide", "count": 1000, "median_ms": {"frozen": 110.50794998300262, "candidate_cold": 101.13779501989484, "candidate_hint": 108.26374700991437}, "speedup_hint": 1.0207290347421907}
{"modes": 3, "scenario": "coherent_slide", "count": 10000, "median_ms": {"frozen": 1088.2285340048838, "candidate_cold": 988.4527980175335, "candidate_hint": 1012.6603640092071}, "speedup_hint": 1.074623410455699}
{"modes": 3, "scenario": "reversing_slide", "count": 100, "median_ms": {"frozen": 70.12893198407255, "candidate_cold": 9.92765199043788, "candidate_hint": 12.579150003148243}, "speedup_hint": 5.575013571387657}
{"modes": 3, "scenario": "reversing_slide", "count": 1000, "median_ms": {"frozen": 699.8055019939784, "candidate_cold": 99.32256900356151, "candidate_hint": 125.95800100825727}, "speedup_hint": 5.5558638307391215}
{"modes": 3, "scenario": "reversing_slide", "count": 10000, "median_ms": {"frozen": 7213.2274259929545, "candidate_cold": 1043.1935600063298, "candidate_hint": 1293.814131990075}, "speedup_hint": 5.575165124296453}
{"modes": 3, "scenario": "coherent_upper", "count": 100, "median_ms": {"frozen": 130.2012309897691, "candidate_cold": 10.035104001872241, "candidate_hint": 10.281096998369321}, "speedup_hint": 12.664137981620078}
{"modes": 3, "scenario": "coherent_upper", "count": 1000, "median_ms": {"frozen": 1303.1943859823514, "candidate_cold": 100.50018699257635, "candidate_hint": 103.13327400945127}, "speedup_hint": 12.636022646415016}
{"modes": 3, "scenario": "coherent_upper", "count": 10000, "median_ms": {"frozen": 13368.564702017466, "candidate_cold": 1036.107178981183, "candidate_hint": 1055.27348301257}, "speedup_hint": 12.668341351526431}
{"modes": 3, "scenario": "coherent_mixed", "count": 100, "median_ms": {"frozen": 112.03592500532977, "candidate_cold": 10.749373002909124, "candidate_hint": 10.969566006679088}, "speedup_hint": 10.21334161598681}
{"modes": 3, "scenario": "coherent_mixed", "count": 1000, "median_ms": {"frozen": 1070.8829459908884, "candidate_cold": 104.88853399874642, "candidate_hint": 107.35162801574916}, "speedup_hint": 9.975470011817457}
{"modes": 3, "scenario": "coherent_mixed", "count": 10000, "median_ms": {"frozen": 10416.533990006428, "candidate_cold": 1014.0543559973594, "candidate_hint": 1028.2320090045687}, "speedup_hint": 10.130528809437351}
{"modes": 3, "scenario": "coupled_face", "count": 100, "median_ms": {"frozen": 31.69833100400865, "candidate_cold": 24.27650601021014, "candidate_hint": 11.126988014439121}, "speedup_hint": 2.8487791092139925}
{"modes": 3, "scenario": "coupled_face", "count": 1000, "median_ms": {"frozen": 316.1320009967312, "candidate_cold": 242.02509599854238, "candidate_hint": 110.89129900210537}, "speedup_hint": 2.8508278272646908}
{"modes": 3, "scenario": "coupled_face", "count": 10000, "median_ms": {"frozen": 3187.858215998858, "candidate_cold": 2431.845111976145, "candidate_hint": 1114.3117149767932}, "speedup_hint": 2.8608316444606787}
