-- The C compiler identification is GNU 15.2.0
-- The CXX compiler identification is GNU 15.2.0
-- Detecting C compiler ABI info
-- Detecting C compiler ABI info - done
-- Check for working C compiler: /usr/bin/cc - skipped
-- Detecting C compile features
-- Detecting C compile features - done
-- Detecting CXX compiler ABI info
-- Detecting CXX compiler ABI info - done
-- Check for working CXX compiler: /usr/bin/c++ - skipped
-- Detecting CXX compile features
-- Detecting CXX compile features - done
CMake Deprecation Warning at box2d-2.4.1/CMakeLists.txt:1 (cmake_minimum_required):
  Compatibility with CMake < 3.10 will be removed from a future version of
  CMake.

  Update the VERSION argument <min> value.  Or, use the <min>...<max> syntax
  to tell CMake that the project requires at least <min> but has been updated
  to work with policies introduced by <max> or earlier.


-- Configuring done (0.3s)
-- Generating done (0.0s)
-- Build files have been written to: /home/viktor/.cache/vkf-physics-continuation/build/rigid_double_restitution_v1
[  6%] Building CXX object box2d-2.4.1/src/CMakeFiles/box2d.dir/collision/b2_broad_phase.cpp.o
[  6%] Building CXX object box2d-2.4.1/src/CMakeFiles/box2d.dir/collision/b2_circle_shape.cpp.o
[  6%] Building CXX object box2d-2.4.1/src/CMakeFiles/box2d.dir/collision/b2_chain_shape.cpp.o
[  8%] Building CXX object box2d-2.4.1/src/CMakeFiles/box2d.dir/collision/b2_collide_circle.cpp.o
[ 10%] Building CXX object box2d-2.4.1/src/CMakeFiles/box2d.dir/collision/b2_collide_edge.cpp.o
[ 12%] Building CXX object box2d-2.4.1/src/CMakeFiles/box2d.dir/collision/b2_collide_polygon.cpp.o
[ 14%] Building CXX object box2d-2.4.1/src/CMakeFiles/box2d.dir/collision/b2_collision.cpp.o
[ 16%] Building CXX object box2d-2.4.1/src/CMakeFiles/box2d.dir/collision/b2_distance.cpp.o
[ 18%] Building CXX object box2d-2.4.1/src/CMakeFiles/box2d.dir/collision/b2_dynamic_tree.cpp.o
[ 20%] Building CXX object box2d-2.4.1/src/CMakeFiles/box2d.dir/collision/b2_edge_shape.cpp.o
[ 22%] Building CXX object box2d-2.4.1/src/CMakeFiles/box2d.dir/collision/b2_polygon_shape.cpp.o
[ 25%] Building CXX object box2d-2.4.1/src/CMakeFiles/box2d.dir/collision/b2_time_of_impact.cpp.o
[ 27%] Building CXX object box2d-2.4.1/src/CMakeFiles/box2d.dir/common/b2_block_allocator.cpp.o
[ 29%] Building CXX object box2d-2.4.1/src/CMakeFiles/box2d.dir/common/b2_draw.cpp.o
[ 31%] Building CXX object box2d-2.4.1/src/CMakeFiles/box2d.dir/common/b2_math.cpp.o
[ 33%] Building CXX object box2d-2.4.1/src/CMakeFiles/box2d.dir/common/b2_settings.cpp.o
[ 35%] Building CXX object box2d-2.4.1/src/CMakeFiles/box2d.dir/common/b2_stack_allocator.cpp.o
[ 37%] Building CXX object box2d-2.4.1/src/CMakeFiles/box2d.dir/common/b2_timer.cpp.o
[ 39%] Building CXX object box2d-2.4.1/src/CMakeFiles/box2d.dir/dynamics/b2_body.cpp.o
[ 41%] Building CXX object box2d-2.4.1/src/CMakeFiles/box2d.dir/dynamics/b2_chain_circle_contact.cpp.o
[ 43%] Building CXX object box2d-2.4.1/src/CMakeFiles/box2d.dir/dynamics/b2_chain_polygon_contact.cpp.o
[ 45%] Building CXX object box2d-2.4.1/src/CMakeFiles/box2d.dir/dynamics/b2_circle_contact.cpp.o
[ 47%] Building CXX object box2d-2.4.1/src/CMakeFiles/box2d.dir/dynamics/b2_contact.cpp.o
[ 50%] Building CXX object box2d-2.4.1/src/CMakeFiles/box2d.dir/dynamics/b2_contact_manager.cpp.o
[ 52%] Building CXX object box2d-2.4.1/src/CMakeFiles/box2d.dir/dynamics/b2_contact_solver.cpp.o
[ 54%] Building CXX object box2d-2.4.1/src/CMakeFiles/box2d.dir/dynamics/b2_distance_joint.cpp.o
[ 56%] Building CXX object box2d-2.4.1/src/CMakeFiles/box2d.dir/dynamics/b2_edge_circle_contact.cpp.o
[ 58%] Building CXX object box2d-2.4.1/src/CMakeFiles/box2d.dir/dynamics/b2_edge_polygon_contact.cpp.o
[ 60%] Building CXX object box2d-2.4.1/src/CMakeFiles/box2d.dir/dynamics/b2_fixture.cpp.o
[ 62%] Building CXX object box2d-2.4.1/src/CMakeFiles/box2d.dir/dynamics/b2_friction_joint.cpp.o
[ 64%] Building CXX object box2d-2.4.1/src/CMakeFiles/box2d.dir/dynamics/b2_gear_joint.cpp.o
[ 66%] Building CXX object box2d-2.4.1/src/CMakeFiles/box2d.dir/dynamics/b2_island.cpp.o
[ 68%] Building CXX object box2d-2.4.1/src/CMakeFiles/box2d.dir/dynamics/b2_joint.cpp.o
[ 70%] Building CXX object box2d-2.4.1/src/CMakeFiles/box2d.dir/dynamics/b2_motor_joint.cpp.o
[ 72%] Building CXX object box2d-2.4.1/src/CMakeFiles/box2d.dir/dynamics/b2_mouse_joint.cpp.o
[ 75%] Building CXX object box2d-2.4.1/src/CMakeFiles/box2d.dir/dynamics/b2_polygon_circle_contact.cpp.o
[ 77%] Building CXX object box2d-2.4.1/src/CMakeFiles/box2d.dir/dynamics/b2_polygon_contact.cpp.o
[ 79%] Building CXX object box2d-2.4.1/src/CMakeFiles/box2d.dir/dynamics/b2_prismatic_joint.cpp.o
[ 81%] Building CXX object box2d-2.4.1/src/CMakeFiles/box2d.dir/dynamics/b2_pulley_joint.cpp.o
[ 83%] Building CXX object box2d-2.4.1/src/CMakeFiles/box2d.dir/dynamics/b2_revolute_joint.cpp.o
[ 85%] Building CXX object box2d-2.4.1/src/CMakeFiles/box2d.dir/dynamics/b2_weld_joint.cpp.o
[ 87%] Building CXX object box2d-2.4.1/src/CMakeFiles/box2d.dir/dynamics/b2_wheel_joint.cpp.o
[ 89%] Building CXX object box2d-2.4.1/src/CMakeFiles/box2d.dir/dynamics/b2_world.cpp.o
[ 91%] Building CXX object box2d-2.4.1/src/CMakeFiles/box2d.dir/dynamics/b2_world_callbacks.cpp.o
[ 93%] Building CXX object box2d-2.4.1/src/CMakeFiles/box2d.dir/rope/b2_rope.cpp.o
[ 95%] Linking CXX static library ../bin/libbox2d.a
[ 95%] Built target box2d
[ 97%] Building CXX object CMakeFiles/rigid_runner.dir/runner.cpp.o
[100%] Linking CXX executable rigid_runner
[100%] Built target rigid_runner
