{'dimension': 2, 'radius_m': 0.023, 'peripheral_spin_m_s': -2.0, 'mass_kg': 0.019942830164988004, 'inertia_kg_m2': 5.274878578639327e-06, 'expected_velocity_spin': [0.6, 0.0, 52.173913043478265], 'measured_velocity_spin': [1.0, 0.0, 86.95652173913044], 'max_velocity_spin_error': 34.78260869565217, 'kinetic_change_J': np.float64(-0.009971415082494002), 'synthetic_only': True, 'experimental_calibration': False, 'passed': False}
{'dimension': 2, 'radius_m': 0.023, 'peripheral_spin_m_s': 0.0, 'mass_kg': 0.019942830164988004, 'inertia_kg_m2': 5.274878578639327e-06, 'expected_velocity_spin': [0.6666666666666666, 0.0, -28.985507246376812], 'measured_velocity_spin': [1.0, 0.0, 0.0], 'max_velocity_spin_error': 28.985507246376812, 'kinetic_change_J': np.float64(-0.009971415082494002), 'synthetic_only': True, 'experimental_calibration': False, 'passed': False}
Traceback (most recent call last):
  File "<frozen runpy>", line 198, in _run_module_as_main
  File "<frozen runpy>", line 88, in _run_code
  File "/home/viktor/.cache/vkf-physics-continuation/research/rubber-ball-calibration/size_spin_controls.py", line 58, in <module>
    (OUT/f'{dimension}d_r{radius}_s{peripheral_spin}.json').write_text(json.dumps({'scene':scene,'result':result,'checks':checks},indent=2)+'\n')
                                                                       ~~~~~~~~~~^^^^^^^^^^^^^^^^^^^^^^^^^^^^^^^^^^^^^^^^^^^^^^^^^^^^^^^^^^
  File "/usr/lib/python3.14/json/__init__.py", line 242, in dumps
    **kw).encode(obj)
          ~~~~~~^^^^^
  File "/usr/lib/python3.14/json/encoder.py", line 202, in encode
    chunks = self.iterencode(o, _one_shot=True)
  File "/usr/lib/python3.14/json/encoder.py", line 263, in iterencode
    return _iterencode(o, 0)
  File "/usr/lib/python3.14/json/encoder.py", line 182, in default
    raise TypeError(f'Object of type {o.__class__.__name__} '
                    f'is not JSON serializable')
TypeError: Object of type bool is not JSON serializable
when serializing dict item 'passed'
when serializing dict item 'checks'
