checks (3.12)	Isolated hosted mobility continuation control	﻿2026-10-06T02:17:50.5213554Z ##[group]Run python -m research.mobility-continuation.portable_native_run build/ci-contact-portability/mobility-continuation
checks (3.12)	Isolated hosted mobility continuation control	2026-10-06T02:17:50.5214056Z ^[[36;1mpython -m research.mobility-continuation.portable_native_run build/ci-contact-portability/mobility-continuation^[[0m
checks (3.12)	Isolated hosted mobility continuation control	2026-10-06T02:17:50.5263855Z shell: /usr/bin/bash -e {0}
checks (3.12)	Isolated hosted mobility continuation control	2026-10-06T02:17:50.5264011Z env:
checks (3.12)	Isolated hosted mobility continuation control	2026-10-06T02:17:50.5264154Z   pythonLocation: /opt/hostedtoolcache/Python/3.12.14/x64
checks (3.12)	Isolated hosted mobility continuation control	2026-10-06T02:17:50.5264379Z   PKG_CONFIG_PATH: /opt/hostedtoolcache/Python/3.12.14/x64/lib/pkgconfig
checks (3.12)	Isolated hosted mobility continuation control	2026-10-06T02:17:50.5264597Z   Python_ROOT_DIR: /opt/hostedtoolcache/Python/3.12.14/x64
checks (3.12)	Isolated hosted mobility continuation control	2026-10-06T02:17:50.5264797Z   Python2_ROOT_DIR: /opt/hostedtoolcache/Python/3.12.14/x64
checks (3.12)	Isolated hosted mobility continuation control	2026-10-06T02:17:50.5264992Z   Python3_ROOT_DIR: /opt/hostedtoolcache/Python/3.12.14/x64
checks (3.12)	Isolated hosted mobility continuation control	2026-10-06T02:17:50.5265192Z   LD_LIBRARY_PATH: /opt/hostedtoolcache/Python/3.12.14/x64/lib
checks (3.12)	Isolated hosted mobility continuation control	2026-10-06T02:17:50.5265360Z   OMP_NUM_THREADS: 1
checks (3.12)	Isolated hosted mobility continuation control	2026-10-06T02:17:50.5265476Z   OPENBLAS_NUM_THREADS: 1
checks (3.12)	Isolated hosted mobility continuation control	2026-10-06T02:17:50.5265645Z ##[endgroup]
checks (3.12)	Isolated hosted mobility continuation control	2026-10-06T02:17:52.0010561Z Traceback (most recent call last):
checks (3.12)	Isolated hosted mobility continuation control	2026-10-06T02:17:52.0016600Z   File "<frozen runpy>", line 198, in _run_module_as_main
checks (3.12)	Isolated hosted mobility continuation control	2026-10-06T02:17:52.0016881Z   File "<frozen runpy>", line 88, in _run_code
checks (3.12)	Isolated hosted mobility continuation control	2026-10-06T02:17:52.0017283Z   File "/home/runner/work/rigid-body-collisions/rigid-body-collisions/research/mobility-continuation/portable_native_run.py", line 11, in <module>
checks (3.12)	Isolated hosted mobility continuation control	2026-10-06T02:17:52.0019008Z     paths=[Path(__file__),H/'plan.json',H/'native_helper.h',H/'native_replay.cpp',*[p for p in (ROOT/'spatial_backend').glob('*') if p.is_file()]];guards={str(p):sha(p) for p in paths};command=['c++','-std=c++17','-O3','-DNDEBUG','-DBT_USE_DOUBLE_PRECISION','-DSPATIAL_LAPACK_RECOVERY=1','-ffp-contract=off','-I'+str(ROOT/'spatial_backend'),'-I'+str(bullet/'src'),'-I'+str(js/'include'),str(H/'native_replay.cpp'),'-o',str(exe),str(lib/'BulletDynamics/libBulletDynamics.a'),str(lib/'BulletCollision/libBulletCollision.a'),str(lib/'LinearMath/libLinearMath.a'),'-l:liblapack.so.3','-l:libblas.so.3'];r=subprocess.run(command,capture_output=True,text=True);(D/'compile.stdout').write_text(r.stdout);(D/'compile.stderr').write_text(r.stderr);save(D/'compile.json',{'command':command,'exit':r.returncode});r.check_returncode()
checks (3.12)	Isolated hosted mobility continuation control	2026-10-06T02:17:52.0020935Z                                                                                                                                                                                                                                                                                                                                                                                                                                                                                                                                                                                                                                                                                                                                                                                                                                   ^^^^^^^^^^^^^^^^^^^^
checks (3.12)	Isolated hosted mobility continuation control	2026-10-06T02:17:52.0021901Z   File "/opt/hostedtoolcache/Python/3.12.14/x64/lib/python3.12/subprocess.py", line 502, in check_returncode
checks (3.12)	Isolated hosted mobility continuation control	2026-10-06T02:17:52.0069396Z     raise CalledProcessError(self.returncode, self.args, self.stdout,
checks (3.12)	Isolated hosted mobility continuation control	2026-10-06T02:17:52.0072070Z subprocess.CalledProcessError: Command '['c++', '-std=c++17', '-O3', '-DNDEBUG', '-DBT_USE_DOUBLE_PRECISION', '-DSPATIAL_LAPACK_RECOVERY=1', '-ffp-contract=off', '-I/home/runner/work/rigid-body-collisions/rigid-body-collisions/spatial_backend', '-I/home/runner/work/rigid-body-collisions/rigid-body-collisions/build/spatial/_deps/bullet-src/src', '-I/home/runner/work/rigid-body-collisions/rigid-body-collisions/build/spatial/_deps/json-src/include', '/home/runner/work/rigid-body-collisions/rigid-body-collisions/research/mobility-continuation/native_replay.cpp', '-o', '/home/runner/work/rigid-body-collisions/rigid-body-collisions/build/ci-contact-portability/mobility-continuation/replay', '/home/runner/work/rigid-body-collisions/rigid-body-collisions/build/spatial/_deps/bullet-build/src/BulletDynamics/libBulletDynamics.a', '/home/runner/work/rigid-body-collisions/rigid-body-collisions/build/spatial/_deps/bullet-build/src/BulletCollision/libBulletCollision.a', '/home/runner/work/rigid-body-collisions/rigid-body-collisions/build/spatial/_deps/bullet-build/src/LinearMath/libLinearMath.a', '-l:liblapack.so.3', '-l:libblas.so.3']' returned non-zero exit status 1.
checks (3.12)	Isolated hosted mobility continuation control	2026-10-06T02:17:52.0208591Z ##[error]Process completed with exit code 1.
